Release 14.7 - xst P.20131013 (nt64)
Copyright (c) 1995-2013 Xilinx, Inc.  All rights reserved.
--> Parameter TMPDIR set to xst/projnav.tmp


Total REAL time to Xst completion: 0.00 secs
Total CPU time to Xst completion: 0.08 secs
 
--> Parameter xsthdpdir set to xst


Total REAL time to Xst completion: 0.00 secs
Total CPU time to Xst completion: 0.08 secs
 
--> Reading design: div_rill.prj

TABLE OF CONTENTS
  1) Synthesis Options Summary
  2) HDL Parsing
  3) HDL Elaboration
  4) HDL Synthesis
       4.1) HDL Synthesis Report
  5) Advanced HDL Synthesis
       5.1) Advanced HDL Synthesis Report
  6) Low Level Synthesis
  7) Partition Report
  8) Design Summary
       8.1) Primitive and Black Box Usage
       8.2) Device utilization summary
       8.3) Partition Resource Summary
       8.4) Timing Report
            8.4.1) Clock Information
            8.4.2) Asynchronous Control Signals Information
            8.4.3) Timing Summary
            8.4.4) Timing Details
            8.4.5) Cross Clock Domains Report


=========================================================================
*                      Synthesis Options Summary                        *
=========================================================================
---- Source Parameters
Input File Name                    : "div_rill.prj"
Ignore Synthesis Constraint File   : NO

---- Target Parameters
Output File Name                   : "div_rill"
Output Format                      : NGC
Target Device                      : xc7z020-3-clg484

---- Source Options
Top Module Name                    : div_rill
Automatic FSM Extraction           : YES
FSM Encoding Algorithm             : Auto
Safe Implementation                : No
FSM Style                          : LUT
RAM Extraction                     : Yes
RAM Style                          : Auto
ROM Extraction                     : Yes
Shift Register Extraction          : YES
ROM Style                          : Auto
Resource Sharing                   : YES
Asynchronous To Synchronous        : NO
Shift Register Minimum Size        : 2
Use DSP Block                      : Auto
Automatic Register Balancing       : No

---- Target Options
LUT Combining                      : Auto
Reduce Control Sets                : Auto
Add IO Buffers                     : YES
Global Maximum Fanout              : 100000
Add Generic Clock Buffer(BUFG)     : 32
Register Duplication               : YES
Optimize Instantiated Primitives   : NO
Use Clock Enable                   : Auto
Use Synchronous Set                : Auto
Use Synchronous Reset              : Auto
Pack IO Registers into IOBs        : Auto
Equivalent register Removal        : YES

---- General Options
Optimization Goal                  : Speed
Optimization Effort                : 1
Power Reduction                    : NO
Keep Hierarchy                     : No
Netlist Hierarchy                  : As_Optimized
RTL Output                         : Yes
Global Optimization                : AllClockNets
Read Cores                         : YES
Write Timing Constraints           : NO
Cross Clock Analysis               : NO
Hierarchy Separator                : /
Bus Delimiter                      : <>
Case Specifier                     : Maintain
Slice Utilization Ratio            : 100
BRAM Utilization Ratio             : 100
DSP48 Utilization Ratio            : 100
Auto BRAM Packing                  : NO
Slice Utilization Ratio Delta      : 5

=========================================================================


=========================================================================
*                          HDL Parsing                                  *
=========================================================================
Analyzing Verilog file "D:\project\soc\Kmeans\division\Calculation_div.v" into library work
Parsing module <div_rill>.

=========================================================================
*                            HDL Elaboration                            *
=========================================================================

Elaborating module <div_rill>.

=========================================================================
*                           HDL Synthesis                               *
=========================================================================

Synthesizing Unit <div_rill>.
    Related source file is "D:\project\soc\Kmeans\division\Calculation_div.v".
    Found 64-bit subtractor for signal <n0363> created at line 104.
    Found 64-bit subtractor for signal <n0365> created at line 104.
    Found 64-bit subtractor for signal <n0367> created at line 104.
    Found 64-bit subtractor for signal <n0369> created at line 104.
    Found 64-bit subtractor for signal <n0371> created at line 104.
    Found 64-bit subtractor for signal <n0373> created at line 104.
    Found 64-bit subtractor for signal <n0375> created at line 104.
    Found 64-bit subtractor for signal <n0377> created at line 104.
    Found 64-bit subtractor for signal <n0379> created at line 104.
    Found 64-bit subtractor for signal <n0381> created at line 104.
    Found 64-bit subtractor for signal <n0383> created at line 104.
    Found 64-bit subtractor for signal <n0385> created at line 104.
    Found 64-bit subtractor for signal <n0387> created at line 104.
    Found 64-bit subtractor for signal <n0389> created at line 104.
    Found 64-bit subtractor for signal <n0391> created at line 104.
    Found 64-bit subtractor for signal <n0393> created at line 104.
    Found 64-bit subtractor for signal <n0395> created at line 104.
    Found 64-bit subtractor for signal <n0397> created at line 104.
    Found 64-bit subtractor for signal <n0399> created at line 104.
    Found 64-bit subtractor for signal <n0401> created at line 104.
    Found 64-bit subtractor for signal <n0403> created at line 104.
    Found 64-bit subtractor for signal <n0405> created at line 104.
    Found 64-bit subtractor for signal <n0407> created at line 104.
    Found 64-bit subtractor for signal <n0409> created at line 104.
    Found 64-bit subtractor for signal <n0411> created at line 104.
    Found 64-bit subtractor for signal <n0413> created at line 104.
    Found 64-bit subtractor for signal <n0415> created at line 104.
    Found 64-bit subtractor for signal <n0417> created at line 104.
    Found 64-bit subtractor for signal <n0419> created at line 104.
    Found 64-bit subtractor for signal <n0421> created at line 104.
    Found 64-bit subtractor for signal <n0423> created at line 104.
    Found 64-bit subtractor for signal <n0425> created at line 104.
    Found 64-bit adder for signal <GND_1_o_GND_1_o_add_4_OUT> created at line 104.
    Found 64-bit adder for signal <GND_1_o_GND_1_o_add_8_OUT> created at line 104.
    Found 64-bit adder for signal <GND_1_o_GND_1_o_add_12_OUT> created at line 104.
    Found 64-bit adder for signal <GND_1_o_GND_1_o_add_16_OUT> created at line 104.
    Found 64-bit adder for signal <GND_1_o_GND_1_o_add_20_OUT> created at line 104.
    Found 64-bit adder for signal <GND_1_o_GND_1_o_add_24_OUT> created at line 104.
    Found 64-bit adder for signal <GND_1_o_GND_1_o_add_28_OUT> created at line 104.
    Found 64-bit adder for signal <GND_1_o_GND_1_o_add_32_OUT> created at line 104.
    Found 64-bit adder for signal <GND_1_o_GND_1_o_add_36_OUT> created at line 104.
    Found 64-bit adder for signal <GND_1_o_GND_1_o_add_40_OUT> created at line 104.
    Found 64-bit adder for signal <GND_1_o_GND_1_o_add_44_OUT> created at line 104.
    Found 64-bit adder for signal <GND_1_o_GND_1_o_add_48_OUT> created at line 104.
    Found 64-bit adder for signal <GND_1_o_GND_1_o_add_52_OUT> created at line 104.
    Found 64-bit adder for signal <GND_1_o_GND_1_o_add_56_OUT> created at line 104.
    Found 64-bit adder for signal <GND_1_o_GND_1_o_add_60_OUT> created at line 104.
    Found 64-bit adder for signal <GND_1_o_GND_1_o_add_64_OUT> created at line 104.
    Found 64-bit adder for signal <GND_1_o_GND_1_o_add_68_OUT> created at line 104.
    Found 64-bit adder for signal <GND_1_o_GND_1_o_add_72_OUT> created at line 104.
    Found 64-bit adder for signal <GND_1_o_GND_1_o_add_76_OUT> created at line 104.
    Found 64-bit adder for signal <GND_1_o_GND_1_o_add_80_OUT> created at line 104.
    Found 64-bit adder for signal <GND_1_o_GND_1_o_add_84_OUT> created at line 104.
    Found 64-bit adder for signal <GND_1_o_GND_1_o_add_88_OUT> created at line 104.
    Found 64-bit adder for signal <GND_1_o_GND_1_o_add_92_OUT> created at line 104.
    Found 64-bit adder for signal <GND_1_o_GND_1_o_add_96_OUT> created at line 104.
    Found 64-bit adder for signal <GND_1_o_GND_1_o_add_100_OUT> created at line 104.
    Found 64-bit adder for signal <GND_1_o_GND_1_o_add_104_OUT> created at line 104.
    Found 64-bit adder for signal <GND_1_o_GND_1_o_add_108_OUT> created at line 104.
    Found 64-bit adder for signal <GND_1_o_GND_1_o_add_112_OUT> created at line 104.
    Found 64-bit adder for signal <GND_1_o_GND_1_o_add_116_OUT> created at line 104.
    Found 64-bit adder for signal <GND_1_o_GND_1_o_add_120_OUT> created at line 104.
    Found 64-bit adder for signal <GND_1_o_GND_1_o_add_124_OUT> created at line 104.
    Found 64-bit adder for signal <GND_1_o_GND_1_o_add_128_OUT> created at line 104.
    Found 32-bit comparator lessequal for signal <n0002> created at line 103
    Found 32-bit comparator lessequal for signal <n0007> created at line 103
    Found 32-bit comparator lessequal for signal <n0012> created at line 103
    Found 32-bit comparator lessequal for signal <n0017> created at line 103
    Found 32-bit comparator lessequal for signal <n0022> created at line 103
    Found 32-bit comparator lessequal for signal <n0027> created at line 103
    Found 32-bit comparator lessequal for signal <n0032> created at line 103
    Found 32-bit comparator lessequal for signal <n0037> created at line 103
    Found 32-bit comparator lessequal for signal <n0042> created at line 103
    Found 32-bit comparator lessequal for signal <n0047> created at line 103
    Found 32-bit comparator lessequal for signal <n0052> created at line 103
    Found 32-bit comparator lessequal for signal <n0057> created at line 103
    Found 32-bit comparator lessequal for signal <n0062> created at line 103
    Found 32-bit comparator lessequal for signal <n0067> created at line 103
    Found 32-bit comparator lessequal for signal <n0072> created at line 103
    Found 32-bit comparator lessequal for signal <n0077> created at line 103
    Found 32-bit comparator lessequal for signal <n0082> created at line 103
    Found 32-bit comparator lessequal for signal <n0087> created at line 103
    Found 32-bit comparator lessequal for signal <n0092> created at line 103
    Found 32-bit comparator lessequal for signal <n0097> created at line 103
    Found 32-bit comparator lessequal for signal <n0102> created at line 103
    Found 32-bit comparator lessequal for signal <n0107> created at line 103
    Found 32-bit comparator lessequal for signal <n0112> created at line 103
    Found 32-bit comparator lessequal for signal <n0117> created at line 103
    Found 32-bit comparator lessequal for signal <n0122> created at line 103
    Found 32-bit comparator lessequal for signal <n0127> created at line 103
    Found 32-bit comparator lessequal for signal <n0132> created at line 103
    Found 32-bit comparator lessequal for signal <n0137> created at line 103
    Found 32-bit comparator lessequal for signal <n0142> created at line 103
    Found 32-bit comparator lessequal for signal <n0147> created at line 103
    Found 32-bit comparator lessequal for signal <n0152> created at line 103
    Found 32-bit comparator lessequal for signal <n0157> created at line 103
    Summary:
	inferred  64 Adder/Subtractor(s).
	inferred  32 Comparator(s).
	inferred  32 Multiplexer(s).
Unit <div_rill> synthesized.

=========================================================================
HDL Synthesis Report

Macro Statistics
# Adders/Subtractors                                   : 64
 64-bit adder                                          : 32
 64-bit subtractor                                     : 32
# Comparators                                          : 32
 32-bit comparator lessequal                           : 32
# Multiplexers                                         : 32
 64-bit 2-to-1 multiplexer                             : 32

=========================================================================

=========================================================================
*                       Advanced HDL Synthesis                          *
=========================================================================


=========================================================================
Advanced HDL Synthesis Report

Macro Statistics
# Adders/Subtractors                                   : 64
 64-bit adder                                          : 32
 64-bit subtractor                                     : 32
# Comparators                                          : 32
 32-bit comparator lessequal                           : 32
# Multiplexers                                         : 32
 64-bit 2-to-1 multiplexer                             : 32

=========================================================================

=========================================================================
*                         Low Level Synthesis                           *
=========================================================================

Optimizing unit <div_rill> ...

Mapping all equations...
Building and optimizing final netlist ...
Found area constraint ratio of 100 (+ 5) on block div_rill, actual ratio is 14.

Final Macro Processing ...

=========================================================================
Final Register Report

Found no macro
=========================================================================

=========================================================================
*                           Partition Report                            *
=========================================================================

Partition Implementation Status
-------------------------------

  No Partitions were found in this design.

-------------------------------

=========================================================================
*                            Design Summary                             *
=========================================================================

Top Level Output File Name         : div_rill.ngc

Primitive and Black Box Usage:
------------------------------
# BELS                             : 10466
#      GND                         : 1
#      INV                         : 29
#      LUT1                        : 32
#      LUT2                        : 1022
#      LUT3                        : 1885
#      LUT4                        : 1034
#      LUT5                        : 1944
#      LUT6                        : 46
#      MUXCY                       : 2487
#      VCC                         : 1
#      XORCY                       : 1985
# IO Buffers                       : 128
#      IBUF                        : 64
#      OBUF                        : 64

Device utilization summary:
---------------------------

Selected Device : 7z020clg484-3 


Slice Logic Utilization: 
 Number of Slice LUTs:                 5992  out of  53200    11%  
    Number used as Logic:              5992  out of  53200    11%  

Slice Logic Distribution: 
 Number of LUT Flip Flop pairs used:   5992
   Number with an unused Flip Flop:    5992  out of   5992   100%  
   Number with an unused LUT:             0  out of   5992     0%  
   Number of fully used LUT-FF pairs:     0  out of   5992     0%  
   Number of unique control sets:         0

IO Utilization: 
 Number of IOs:                         128
 Number of bonded IOBs:                 128  out of    200    64%  

Specific Feature Utilization:

---------------------------
Partition Resource Summary:
---------------------------

  No Partitions were found in this design.

---------------------------


=========================================================================
Timing Report

NOTE: THESE TIMING NUMBERS ARE ONLY A SYNTHESIS ESTIMATE.
      FOR ACCURATE TIMING INFORMATION PLEASE REFER TO THE TRACE REPORT
      GENERATED AFTER PLACE-and-ROUTE.

Clock Information:
------------------
No clock signals found in this design

Asynchronous Control Signals Information:
----------------------------------------
No asynchronous control signals found in this design

Timing Summary:
---------------
Speed Grade: -3

   Minimum period: No path found
   Minimum input arrival time before clock: No path found
   Maximum output required time after clock: No path found
   Maximum combinational path delay: 57.194ns

Timing Details:
---------------
All values displayed in nanoseconds (ns)

=========================================================================
Timing constraint: Default path analysis
  Total number of paths / destination ports: 41783228447591961000000000000000000000000000000000000000000000000000000 / 64
-------------------------------------------------------------------------
Delay:               57.194ns (Levels of Logic = 568)
  Source:            b<1> (PAD)
  Destination:       yshang<31> (PAD)

  Data Path: b<1> to yshang<31>
                                Gate     Net
    Cell:in->out      fanout   Delay   Delay  Logical Name (Net Name)
    ----------------------------------------  ------------
     IBUF:I->O           127   0.000   0.664  b_1_IBUF (b_1_IBUF)
     LUT5:I0->O            1   0.043   0.000  Mcompar_tempb[31]_GND_1_o_LessThan_3_o_lut<0> (Mcompar_tempb[31]_GND_1_o_LessThan_3_o_lut<0>)
     MUXCY:S->O            1   0.230   0.000  Mcompar_tempb[31]_GND_1_o_LessThan_3_o_cy<0> (Mcompar_tempb[31]_GND_1_o_LessThan_3_o_cy<0>)
     MUXCY:CI->O           1   0.013   0.000  Mcompar_tempb[31]_GND_1_o_LessThan_3_o_cy<1> (Mcompar_tempb[31]_GND_1_o_LessThan_3_o_cy<1>)
     MUXCY:CI->O           1   0.013   0.000  Mcompar_tempb[31]_GND_1_o_LessThan_3_o_cy<2> (Mcompar_tempb[31]_GND_1_o_LessThan_3_o_cy<2>)
     MUXCY:CI->O           1   0.013   0.000  Mcompar_tempb[31]_GND_1_o_LessThan_3_o_cy<3> (Mcompar_tempb[31]_GND_1_o_LessThan_3_o_cy<3>)
     MUXCY:CI->O           1   0.013   0.000  Mcompar_tempb[31]_GND_1_o_LessThan_3_o_cy<4> (Mcompar_tempb[31]_GND_1_o_LessThan_3_o_cy<4>)
     MUXCY:CI->O           1   0.013   0.000  Mcompar_tempb[31]_GND_1_o_LessThan_3_o_cy<5> (Mcompar_tempb[31]_GND_1_o_LessThan_3_o_cy<5>)
     MUXCY:CI->O         189   0.147   0.559  Mcompar_tempb[31]_GND_1_o_LessThan_3_o_cy<6> (Madd_GND_1_o_GND_1_o_add_8_OUT_lut<0>)
     LUT3:I0->O            4   0.043   0.357  Mmux_n0173261 (n0173<32>)
     LUT2:I0->O            1   0.043   0.289  Madd_GND_1_o_GND_1_o_add_8_OUT1 (Madd_GND_1_o_GND_1_o_add_8_OUT1)
     LUT3:I2->O            1   0.043   0.000  Madd_GND_1_o_GND_1_o_add_8_OUT_lut<0>33 (Madd_GND_1_o_GND_1_o_add_8_OUT_lut<0>33)
     MUXCY:S->O            1   0.230   0.000  Madd_GND_1_o_GND_1_o_add_8_OUT_cy<0>_33 (Madd_GND_1_o_GND_1_o_add_8_OUT_cy<0>34)
     MUXCY:CI->O           1   0.013   0.000  Madd_GND_1_o_GND_1_o_add_8_OUT_cy<0>_34 (Madd_GND_1_o_GND_1_o_add_8_OUT_cy<0>35)
     MUXCY:CI->O           1   0.013   0.000  Madd_GND_1_o_GND_1_o_add_8_OUT_cy<0>_35 (Madd_GND_1_o_GND_1_o_add_8_OUT_cy<0>36)
     MUXCY:CI->O           1   0.013   0.000  Madd_GND_1_o_GND_1_o_add_8_OUT_cy<0>_36 (Madd_GND_1_o_GND_1_o_add_8_OUT_cy<0>37)
     MUXCY:CI->O           1   0.013   0.000  Madd_GND_1_o_GND_1_o_add_8_OUT_cy<0>_37 (Madd_GND_1_o_GND_1_o_add_8_OUT_cy<0>38)
     MUXCY:CI->O           1   0.013   0.000  Madd_GND_1_o_GND_1_o_add_8_OUT_cy<0>_38 (Madd_GND_1_o_GND_1_o_add_8_OUT_cy<0>39)
     MUXCY:CI->O           1   0.013   0.000  Madd_GND_1_o_GND_1_o_add_8_OUT_cy<0>_39 (Madd_GND_1_o_GND_1_o_add_8_OUT_cy<0>40)
     MUXCY:CI->O           1   0.013   0.000  Madd_GND_1_o_GND_1_o_add_8_OUT_cy<0>_40 (Madd_GND_1_o_GND_1_o_add_8_OUT_cy<0>41)
     MUXCY:CI->O           1   0.013   0.000  Madd_GND_1_o_GND_1_o_add_8_OUT_cy<0>_41 (Madd_GND_1_o_GND_1_o_add_8_OUT_cy<0>42)
     MUXCY:CI->O           1   0.013   0.000  Madd_GND_1_o_GND_1_o_add_8_OUT_cy<0>_42 (Madd_GND_1_o_GND_1_o_add_8_OUT_cy<0>43)
     MUXCY:CI->O           1   0.013   0.000  Madd_GND_1_o_GND_1_o_add_8_OUT_cy<0>_43 (Madd_GND_1_o_GND_1_o_add_8_OUT_cy<0>44)
     MUXCY:CI->O           1   0.013   0.000  Madd_GND_1_o_GND_1_o_add_8_OUT_cy<0>_44 (Madd_GND_1_o_GND_1_o_add_8_OUT_cy<0>45)
     MUXCY:CI->O           1   0.013   0.000  Madd_GND_1_o_GND_1_o_add_8_OUT_cy<0>_45 (Madd_GND_1_o_GND_1_o_add_8_OUT_cy<0>46)
     MUXCY:CI->O           1   0.013   0.000  Madd_GND_1_o_GND_1_o_add_8_OUT_cy<0>_46 (Madd_GND_1_o_GND_1_o_add_8_OUT_cy<0>47)
     MUXCY:CI->O           1   0.013   0.000  Madd_GND_1_o_GND_1_o_add_8_OUT_cy<0>_47 (Madd_GND_1_o_GND_1_o_add_8_OUT_cy<0>48)
     MUXCY:CI->O           1   0.013   0.000  Madd_GND_1_o_GND_1_o_add_8_OUT_cy<0>_48 (Madd_GND_1_o_GND_1_o_add_8_OUT_cy<0>49)
     MUXCY:CI->O           1   0.013   0.000  Madd_GND_1_o_GND_1_o_add_8_OUT_cy<0>_49 (Madd_GND_1_o_GND_1_o_add_8_OUT_cy<0>50)
     MUXCY:CI->O           1   0.013   0.000  Madd_GND_1_o_GND_1_o_add_8_OUT_cy<0>_50 (Madd_GND_1_o_GND_1_o_add_8_OUT_cy<0>51)
     MUXCY:CI->O           1   0.013   0.000  Madd_GND_1_o_GND_1_o_add_8_OUT_cy<0>_51 (Madd_GND_1_o_GND_1_o_add_8_OUT_cy<0>52)
     MUXCY:CI->O           1   0.013   0.000  Madd_GND_1_o_GND_1_o_add_8_OUT_cy<0>_52 (Madd_GND_1_o_GND_1_o_add_8_OUT_cy<0>53)
     MUXCY:CI->O           1   0.013   0.000  Madd_GND_1_o_GND_1_o_add_8_OUT_cy<0>_53 (Madd_GND_1_o_GND_1_o_add_8_OUT_cy<0>54)
     MUXCY:CI->O           1   0.013   0.000  Madd_GND_1_o_GND_1_o_add_8_OUT_cy<0>_54 (Madd_GND_1_o_GND_1_o_add_8_OUT_cy<0>55)
     MUXCY:CI->O           1   0.013   0.000  Madd_GND_1_o_GND_1_o_add_8_OUT_cy<0>_55 (Madd_GND_1_o_GND_1_o_add_8_OUT_cy<0>56)
     MUXCY:CI->O           1   0.013   0.000  Madd_GND_1_o_GND_1_o_add_8_OUT_cy<0>_56 (Madd_GND_1_o_GND_1_o_add_8_OUT_cy<0>57)
     MUXCY:CI->O           1   0.013   0.000  Madd_GND_1_o_GND_1_o_add_8_OUT_cy<0>_57 (Madd_GND_1_o_GND_1_o_add_8_OUT_cy<0>58)
     MUXCY:CI->O           1   0.013   0.000  Madd_GND_1_o_GND_1_o_add_8_OUT_cy<0>_58 (Madd_GND_1_o_GND_1_o_add_8_OUT_cy<0>59)
     MUXCY:CI->O           1   0.013   0.000  Madd_GND_1_o_GND_1_o_add_8_OUT_cy<0>_59 (Madd_GND_1_o_GND_1_o_add_8_OUT_cy<0>60)
     MUXCY:CI->O           0   0.013   0.000  Madd_GND_1_o_GND_1_o_add_8_OUT_cy<0>_60 (Madd_GND_1_o_GND_1_o_add_8_OUT_cy<0>61)
     XORCY:CI->O           1   0.251   0.428  Madd_GND_1_o_GND_1_o_add_8_OUT_xor<0>_61 (GND_1_o_GND_1_o_add_8_OUT<62>)
     LUT4:I1->O            4   0.043   0.470  Mmux_n0176591 (n0176<62>)
     LUT4:I0->O            0   0.043   0.000  Mcompar_tempb[31]_GND_1_o_LessThan_11_o_lutdi15 (Mcompar_tempb[31]_GND_1_o_LessThan_11_o_lutdi15)
     MUXCY:DI->O         146   0.353   0.667  Mcompar_tempb[31]_GND_1_o_LessThan_11_o_cy<15> (Madd_GND_1_o_GND_1_o_add_16_OUT_lut<0>)
     LUT5:I0->O            4   0.043   0.470  Mmux_n0179261 (n0179<32>)
     LUT4:I0->O            0   0.043   0.000  Mcompar_tempb[31]_GND_1_o_LessThan_15_o_lutdi (Mcompar_tempb[31]_GND_1_o_LessThan_15_o_lutdi)
     MUXCY:DI->O           1   0.218   0.000  Mcompar_tempb[31]_GND_1_o_LessThan_15_o_cy<0> (Mcompar_tempb[31]_GND_1_o_LessThan_15_o_cy<0>)
     MUXCY:CI->O           1   0.013   0.000  Mcompar_tempb[31]_GND_1_o_LessThan_15_o_cy<1> (Mcompar_tempb[31]_GND_1_o_LessThan_15_o_cy<1>)
     MUXCY:CI->O           1   0.013   0.000  Mcompar_tempb[31]_GND_1_o_LessThan_15_o_cy<2> (Mcompar_tempb[31]_GND_1_o_LessThan_15_o_cy<2>)
     MUXCY:CI->O           1   0.013   0.000  Mcompar_tempb[31]_GND_1_o_LessThan_15_o_cy<3> (Mcompar_tempb[31]_GND_1_o_LessThan_15_o_cy<3>)
     MUXCY:CI->O           1   0.013   0.000  Mcompar_tempb[31]_GND_1_o_LessThan_15_o_cy<4> (Mcompar_tempb[31]_GND_1_o_LessThan_15_o_cy<4>)
     MUXCY:CI->O           1   0.013   0.000  Mcompar_tempb[31]_GND_1_o_LessThan_15_o_cy<5> (Mcompar_tempb[31]_GND_1_o_LessThan_15_o_cy<5>)
     MUXCY:CI->O           1   0.013   0.000  Mcompar_tempb[31]_GND_1_o_LessThan_15_o_cy<6> (Mcompar_tempb[31]_GND_1_o_LessThan_15_o_cy<6>)
     MUXCY:CI->O           1   0.013   0.000  Mcompar_tempb[31]_GND_1_o_LessThan_15_o_cy<7> (Mcompar_tempb[31]_GND_1_o_LessThan_15_o_cy<7>)
     MUXCY:CI->O           1   0.013   0.000  Mcompar_tempb[31]_GND_1_o_LessThan_15_o_cy<8> (Mcompar_tempb[31]_GND_1_o_LessThan_15_o_cy<8>)
     MUXCY:CI->O           1   0.013   0.000  Mcompar_tempb[31]_GND_1_o_LessThan_15_o_cy<9> (Mcompar_tempb[31]_GND_1_o_LessThan_15_o_cy<9>)
     MUXCY:CI->O           1   0.013   0.000  Mcompar_tempb[31]_GND_1_o_LessThan_15_o_cy<10> (Mcompar_tempb[31]_GND_1_o_LessThan_15_o_cy<10>)
     MUXCY:CI->O           1   0.013   0.000  Mcompar_tempb[31]_GND_1_o_LessThan_15_o_cy<11> (Mcompar_tempb[31]_GND_1_o_LessThan_15_o_cy<11>)
     MUXCY:CI->O           1   0.013   0.000  Mcompar_tempb[31]_GND_1_o_LessThan_15_o_cy<12> (Mcompar_tempb[31]_GND_1_o_LessThan_15_o_cy<12>)
     MUXCY:CI->O           1   0.013   0.000  Mcompar_tempb[31]_GND_1_o_LessThan_15_o_cy<13> (Mcompar_tempb[31]_GND_1_o_LessThan_15_o_cy<13>)
     MUXCY:CI->O           1   0.013   0.000  Mcompar_tempb[31]_GND_1_o_LessThan_15_o_cy<14> (Mcompar_tempb[31]_GND_1_o_LessThan_15_o_cy<14>)
     MUXCY:CI->O         118   0.147   0.662  Mcompar_tempb[31]_GND_1_o_LessThan_15_o_cy<15> (Madd_GND_1_o_GND_1_o_add_20_OUT_lut<0>)
     LUT5:I0->O            6   0.043   0.479  Mmux_n0182261 (n0182<32>)
     LUT4:I0->O            0   0.043   0.000  Mcompar_tempb[31]_GND_1_o_LessThan_19_o_lutdi (Mcompar_tempb[31]_GND_1_o_LessThan_19_o_lutdi)
     MUXCY:DI->O           1   0.218   0.000  Mcompar_tempb[31]_GND_1_o_LessThan_19_o_cy<0> (Mcompar_tempb[31]_GND_1_o_LessThan_19_o_cy<0>)
     MUXCY:CI->O           1   0.013   0.000  Mcompar_tempb[31]_GND_1_o_LessThan_19_o_cy<1> (Mcompar_tempb[31]_GND_1_o_LessThan_19_o_cy<1>)
     MUXCY:CI->O           1   0.013   0.000  Mcompar_tempb[31]_GND_1_o_LessThan_19_o_cy<2> (Mcompar_tempb[31]_GND_1_o_LessThan_19_o_cy<2>)
     MUXCY:CI->O           1   0.013   0.000  Mcompar_tempb[31]_GND_1_o_LessThan_19_o_cy<3> (Mcompar_tempb[31]_GND_1_o_LessThan_19_o_cy<3>)
     MUXCY:CI->O           1   0.013   0.000  Mcompar_tempb[31]_GND_1_o_LessThan_19_o_cy<4> (Mcompar_tempb[31]_GND_1_o_LessThan_19_o_cy<4>)
     MUXCY:CI->O           1   0.013   0.000  Mcompar_tempb[31]_GND_1_o_LessThan_19_o_cy<5> (Mcompar_tempb[31]_GND_1_o_LessThan_19_o_cy<5>)
     MUXCY:CI->O           1   0.013   0.000  Mcompar_tempb[31]_GND_1_o_LessThan_19_o_cy<6> (Mcompar_tempb[31]_GND_1_o_LessThan_19_o_cy<6>)
     MUXCY:CI->O           1   0.013   0.000  Mcompar_tempb[31]_GND_1_o_LessThan_19_o_cy<7> (Mcompar_tempb[31]_GND_1_o_LessThan_19_o_cy<7>)
     MUXCY:CI->O           1   0.013   0.000  Mcompar_tempb[31]_GND_1_o_LessThan_19_o_cy<8> (Mcompar_tempb[31]_GND_1_o_LessThan_19_o_cy<8>)
     MUXCY:CI->O           1   0.013   0.000  Mcompar_tempb[31]_GND_1_o_LessThan_19_o_cy<9> (Mcompar_tempb[31]_GND_1_o_LessThan_19_o_cy<9>)
     MUXCY:CI->O           1   0.013   0.000  Mcompar_tempb[31]_GND_1_o_LessThan_19_o_cy<10> (Mcompar_tempb[31]_GND_1_o_LessThan_19_o_cy<10>)
     MUXCY:CI->O           1   0.013   0.000  Mcompar_tempb[31]_GND_1_o_LessThan_19_o_cy<11> (Mcompar_tempb[31]_GND_1_o_LessThan_19_o_cy<11>)
     MUXCY:CI->O           1   0.013   0.000  Mcompar_tempb[31]_GND_1_o_LessThan_19_o_cy<12> (Mcompar_tempb[31]_GND_1_o_LessThan_19_o_cy<12>)
     MUXCY:CI->O           1   0.013   0.000  Mcompar_tempb[31]_GND_1_o_LessThan_19_o_cy<13> (Mcompar_tempb[31]_GND_1_o_LessThan_19_o_cy<13>)
     MUXCY:CI->O           1   0.013   0.000  Mcompar_tempb[31]_GND_1_o_LessThan_19_o_cy<14> (Mcompar_tempb[31]_GND_1_o_LessThan_19_o_cy<14>)
     MUXCY:CI->O         145   0.147   0.666  Mcompar_tempb[31]_GND_1_o_LessThan_19_o_cy<15> (Madd_GND_1_o_GND_1_o_add_24_OUT_lut<0>)
     LUT5:I0->O            4   0.043   0.470  Mmux_n0185261 (n0185<32>)
     LUT4:I0->O            0   0.043   0.000  Mcompar_tempb[31]_GND_1_o_LessThan_23_o_lutdi (Mcompar_tempb[31]_GND_1_o_LessThan_23_o_lutdi)
     MUXCY:DI->O           1   0.218   0.000  Mcompar_tempb[31]_GND_1_o_LessThan_23_o_cy<0> (Mcompar_tempb[31]_GND_1_o_LessThan_23_o_cy<0>)
     MUXCY:CI->O           1   0.013   0.000  Mcompar_tempb[31]_GND_1_o_LessThan_23_o_cy<1> (Mcompar_tempb[31]_GND_1_o_LessThan_23_o_cy<1>)
     MUXCY:CI->O           1   0.013   0.000  Mcompar_tempb[31]_GND_1_o_LessThan_23_o_cy<2> (Mcompar_tempb[31]_GND_1_o_LessThan_23_o_cy<2>)
     MUXCY:CI->O           1   0.013   0.000  Mcompar_tempb[31]_GND_1_o_LessThan_23_o_cy<3> (Mcompar_tempb[31]_GND_1_o_LessThan_23_o_cy<3>)
     MUXCY:CI->O           1   0.013   0.000  Mcompar_tempb[31]_GND_1_o_LessThan_23_o_cy<4> (Mcompar_tempb[31]_GND_1_o_LessThan_23_o_cy<4>)
     MUXCY:CI->O           1   0.013   0.000  Mcompar_tempb[31]_GND_1_o_LessThan_23_o_cy<5> (Mcompar_tempb[31]_GND_1_o_LessThan_23_o_cy<5>)
     MUXCY:CI->O           1   0.013   0.000  Mcompar_tempb[31]_GND_1_o_LessThan_23_o_cy<6> (Mcompar_tempb[31]_GND_1_o_LessThan_23_o_cy<6>)
     MUXCY:CI->O           1   0.013   0.000  Mcompar_tempb[31]_GND_1_o_LessThan_23_o_cy<7> (Mcompar_tempb[31]_GND_1_o_LessThan_23_o_cy<7>)
     MUXCY:CI->O           1   0.013   0.000  Mcompar_tempb[31]_GND_1_o_LessThan_23_o_cy<8> (Mcompar_tempb[31]_GND_1_o_LessThan_23_o_cy<8>)
     MUXCY:CI->O           1   0.013   0.000  Mcompar_tempb[31]_GND_1_o_LessThan_23_o_cy<9> (Mcompar_tempb[31]_GND_1_o_LessThan_23_o_cy<9>)
     MUXCY:CI->O           1   0.013   0.000  Mcompar_tempb[31]_GND_1_o_LessThan_23_o_cy<10> (Mcompar_tempb[31]_GND_1_o_LessThan_23_o_cy<10>)
     MUXCY:CI->O           1   0.013   0.000  Mcompar_tempb[31]_GND_1_o_LessThan_23_o_cy<11> (Mcompar_tempb[31]_GND_1_o_LessThan_23_o_cy<11>)
     MUXCY:CI->O           1   0.013   0.000  Mcompar_tempb[31]_GND_1_o_LessThan_23_o_cy<12> (Mcompar_tempb[31]_GND_1_o_LessThan_23_o_cy<12>)
     MUXCY:CI->O           1   0.013   0.000  Mcompar_tempb[31]_GND_1_o_LessThan_23_o_cy<13> (Mcompar_tempb[31]_GND_1_o_LessThan_23_o_cy<13>)
     MUXCY:CI->O           1   0.013   0.000  Mcompar_tempb[31]_GND_1_o_LessThan_23_o_cy<14> (Mcompar_tempb[31]_GND_1_o_LessThan_23_o_cy<14>)
     MUXCY:CI->O         119   0.147   0.662  Mcompar_tempb[31]_GND_1_o_LessThan_23_o_cy<15> (Madd_GND_1_o_GND_1_o_add_28_OUT_lut<0>)
     LUT5:I0->O            6   0.043   0.479  Mmux_n0188261 (n0188<32>)
     LUT4:I0->O            0   0.043   0.000  Mcompar_tempb[31]_GND_1_o_LessThan_27_o_lutdi (Mcompar_tempb[31]_GND_1_o_LessThan_27_o_lutdi)
     MUXCY:DI->O           1   0.218   0.000  Mcompar_tempb[31]_GND_1_o_LessThan_27_o_cy<0> (Mcompar_tempb[31]_GND_1_o_LessThan_27_o_cy<0>)
     MUXCY:CI->O           1   0.013   0.000  Mcompar_tempb[31]_GND_1_o_LessThan_27_o_cy<1> (Mcompar_tempb[31]_GND_1_o_LessThan_27_o_cy<1>)
     MUXCY:CI->O           1   0.013   0.000  Mcompar_tempb[31]_GND_1_o_LessThan_27_o_cy<2> (Mcompar_tempb[31]_GND_1_o_LessThan_27_o_cy<2>)
     MUXCY:CI->O           1   0.013   0.000  Mcompar_tempb[31]_GND_1_o_LessThan_27_o_cy<3> (Mcompar_tempb[31]_GND_1_o_LessThan_27_o_cy<3>)
     MUXCY:CI->O           1   0.013   0.000  Mcompar_tempb[31]_GND_1_o_LessThan_27_o_cy<4> (Mcompar_tempb[31]_GND_1_o_LessThan_27_o_cy<4>)
     MUXCY:CI->O           1   0.013   0.000  Mcompar_tempb[31]_GND_1_o_LessThan_27_o_cy<5> (Mcompar_tempb[31]_GND_1_o_LessThan_27_o_cy<5>)
     MUXCY:CI->O           1   0.013   0.000  Mcompar_tempb[31]_GND_1_o_LessThan_27_o_cy<6> (Mcompar_tempb[31]_GND_1_o_LessThan_27_o_cy<6>)
     MUXCY:CI->O           1   0.013   0.000  Mcompar_tempb[31]_GND_1_o_LessThan_27_o_cy<7> (Mcompar_tempb[31]_GND_1_o_LessThan_27_o_cy<7>)
     MUXCY:CI->O           1   0.013   0.000  Mcompar_tempb[31]_GND_1_o_LessThan_27_o_cy<8> (Mcompar_tempb[31]_GND_1_o_LessThan_27_o_cy<8>)
     MUXCY:CI->O           1   0.013   0.000  Mcompar_tempb[31]_GND_1_o_LessThan_27_o_cy<9> (Mcompar_tempb[31]_GND_1_o_LessThan_27_o_cy<9>)
     MUXCY:CI->O           1   0.013   0.000  Mcompar_tempb[31]_GND_1_o_LessThan_27_o_cy<10> (Mcompar_tempb[31]_GND_1_o_LessThan_27_o_cy<10>)
     MUXCY:CI->O           1   0.013   0.000  Mcompar_tempb[31]_GND_1_o_LessThan_27_o_cy<11> (Mcompar_tempb[31]_GND_1_o_LessThan_27_o_cy<11>)
     MUXCY:CI->O           1   0.013   0.000  Mcompar_tempb[31]_GND_1_o_LessThan_27_o_cy<12> (Mcompar_tempb[31]_GND_1_o_LessThan_27_o_cy<12>)
     MUXCY:CI->O           1   0.013   0.000  Mcompar_tempb[31]_GND_1_o_LessThan_27_o_cy<13> (Mcompar_tempb[31]_GND_1_o_LessThan_27_o_cy<13>)
     MUXCY:CI->O           1   0.013   0.000  Mcompar_tempb[31]_GND_1_o_LessThan_27_o_cy<14> (Mcompar_tempb[31]_GND_1_o_LessThan_27_o_cy<14>)
     MUXCY:CI->O         144   0.147   0.666  Mcompar_tempb[31]_GND_1_o_LessThan_27_o_cy<15> (Madd_GND_1_o_GND_1_o_add_32_OUT_lut<0>)
     LUT5:I0->O            4   0.043   0.470  Mmux_n0191261 (n0191<32>)
     LUT4:I0->O            0   0.043   0.000  Mcompar_tempb[31]_GND_1_o_LessThan_31_o_lutdi (Mcompar_tempb[31]_GND_1_o_LessThan_31_o_lutdi)
     MUXCY:DI->O           1   0.218   0.000  Mcompar_tempb[31]_GND_1_o_LessThan_31_o_cy<0> (Mcompar_tempb[31]_GND_1_o_LessThan_31_o_cy<0>)
     MUXCY:CI->O           1   0.013   0.000  Mcompar_tempb[31]_GND_1_o_LessThan_31_o_cy<1> (Mcompar_tempb[31]_GND_1_o_LessThan_31_o_cy<1>)
     MUXCY:CI->O           1   0.013   0.000  Mcompar_tempb[31]_GND_1_o_LessThan_31_o_cy<2> (Mcompar_tempb[31]_GND_1_o_LessThan_31_o_cy<2>)
     MUXCY:CI->O           1   0.013   0.000  Mcompar_tempb[31]_GND_1_o_LessThan_31_o_cy<3> (Mcompar_tempb[31]_GND_1_o_LessThan_31_o_cy<3>)
     MUXCY:CI->O           1   0.013   0.000  Mcompar_tempb[31]_GND_1_o_LessThan_31_o_cy<4> (Mcompar_tempb[31]_GND_1_o_LessThan_31_o_cy<4>)
     MUXCY:CI->O           1   0.013   0.000  Mcompar_tempb[31]_GND_1_o_LessThan_31_o_cy<5> (Mcompar_tempb[31]_GND_1_o_LessThan_31_o_cy<5>)
     MUXCY:CI->O           1   0.013   0.000  Mcompar_tempb[31]_GND_1_o_LessThan_31_o_cy<6> (Mcompar_tempb[31]_GND_1_o_LessThan_31_o_cy<6>)
     MUXCY:CI->O           1   0.013   0.000  Mcompar_tempb[31]_GND_1_o_LessThan_31_o_cy<7> (Mcompar_tempb[31]_GND_1_o_LessThan_31_o_cy<7>)
     MUXCY:CI->O           1   0.013   0.000  Mcompar_tempb[31]_GND_1_o_LessThan_31_o_cy<8> (Mcompar_tempb[31]_GND_1_o_LessThan_31_o_cy<8>)
     MUXCY:CI->O           1   0.013   0.000  Mcompar_tempb[31]_GND_1_o_LessThan_31_o_cy<9> (Mcompar_tempb[31]_GND_1_o_LessThan_31_o_cy<9>)
     MUXCY:CI->O           1   0.013   0.000  Mcompar_tempb[31]_GND_1_o_LessThan_31_o_cy<10> (Mcompar_tempb[31]_GND_1_o_LessThan_31_o_cy<10>)
     MUXCY:CI->O           1   0.013   0.000  Mcompar_tempb[31]_GND_1_o_LessThan_31_o_cy<11> (Mcompar_tempb[31]_GND_1_o_LessThan_31_o_cy<11>)
     MUXCY:CI->O           1   0.013   0.000  Mcompar_tempb[31]_GND_1_o_LessThan_31_o_cy<12> (Mcompar_tempb[31]_GND_1_o_LessThan_31_o_cy<12>)
     MUXCY:CI->O           1   0.013   0.000  Mcompar_tempb[31]_GND_1_o_LessThan_31_o_cy<13> (Mcompar_tempb[31]_GND_1_o_LessThan_31_o_cy<13>)
     MUXCY:CI->O           1   0.013   0.000  Mcompar_tempb[31]_GND_1_o_LessThan_31_o_cy<14> (Mcompar_tempb[31]_GND_1_o_LessThan_31_o_cy<14>)
     MUXCY:CI->O         120   0.147   0.663  Mcompar_tempb[31]_GND_1_o_LessThan_31_o_cy<15> (Madd_GND_1_o_GND_1_o_add_36_OUT_lut<0>)
     LUT5:I0->O            6   0.043   0.479  Mmux_n0194261 (n0194<32>)
     LUT4:I0->O            0   0.043   0.000  Mcompar_tempb[31]_GND_1_o_LessThan_35_o_lutdi (Mcompar_tempb[31]_GND_1_o_LessThan_35_o_lutdi)
     MUXCY:DI->O           1   0.218   0.000  Mcompar_tempb[31]_GND_1_o_LessThan_35_o_cy<0> (Mcompar_tempb[31]_GND_1_o_LessThan_35_o_cy<0>)
     MUXCY:CI->O           1   0.013   0.000  Mcompar_tempb[31]_GND_1_o_LessThan_35_o_cy<1> (Mcompar_tempb[31]_GND_1_o_LessThan_35_o_cy<1>)
     MUXCY:CI->O           1   0.013   0.000  Mcompar_tempb[31]_GND_1_o_LessThan_35_o_cy<2> (Mcompar_tempb[31]_GND_1_o_LessThan_35_o_cy<2>)
     MUXCY:CI->O           1   0.013   0.000  Mcompar_tempb[31]_GND_1_o_LessThan_35_o_cy<3> (Mcompar_tempb[31]_GND_1_o_LessThan_35_o_cy<3>)
     MUXCY:CI->O           1   0.013   0.000  Mcompar_tempb[31]_GND_1_o_LessThan_35_o_cy<4> (Mcompar_tempb[31]_GND_1_o_LessThan_35_o_cy<4>)
     MUXCY:CI->O           1   0.013   0.000  Mcompar_tempb[31]_GND_1_o_LessThan_35_o_cy<5> (Mcompar_tempb[31]_GND_1_o_LessThan_35_o_cy<5>)
     MUXCY:CI->O           1   0.013   0.000  Mcompar_tempb[31]_GND_1_o_LessThan_35_o_cy<6> (Mcompar_tempb[31]_GND_1_o_LessThan_35_o_cy<6>)
     MUXCY:CI->O           1   0.013   0.000  Mcompar_tempb[31]_GND_1_o_LessThan_35_o_cy<7> (Mcompar_tempb[31]_GND_1_o_LessThan_35_o_cy<7>)
     MUXCY:CI->O           1   0.013   0.000  Mcompar_tempb[31]_GND_1_o_LessThan_35_o_cy<8> (Mcompar_tempb[31]_GND_1_o_LessThan_35_o_cy<8>)
     MUXCY:CI->O           1   0.013   0.000  Mcompar_tempb[31]_GND_1_o_LessThan_35_o_cy<9> (Mcompar_tempb[31]_GND_1_o_LessThan_35_o_cy<9>)
     MUXCY:CI->O           1   0.013   0.000  Mcompar_tempb[31]_GND_1_o_LessThan_35_o_cy<10> (Mcompar_tempb[31]_GND_1_o_LessThan_35_o_cy<10>)
     MUXCY:CI->O           1   0.013   0.000  Mcompar_tempb[31]_GND_1_o_LessThan_35_o_cy<11> (Mcompar_tempb[31]_GND_1_o_LessThan_35_o_cy<11>)
     MUXCY:CI->O           1   0.013   0.000  Mcompar_tempb[31]_GND_1_o_LessThan_35_o_cy<12> (Mcompar_tempb[31]_GND_1_o_LessThan_35_o_cy<12>)
     MUXCY:CI->O           1   0.013   0.000  Mcompar_tempb[31]_GND_1_o_LessThan_35_o_cy<13> (Mcompar_tempb[31]_GND_1_o_LessThan_35_o_cy<13>)
     MUXCY:CI->O           1   0.013   0.000  Mcompar_tempb[31]_GND_1_o_LessThan_35_o_cy<14> (Mcompar_tempb[31]_GND_1_o_LessThan_35_o_cy<14>)
     MUXCY:CI->O         143   0.147   0.666  Mcompar_tempb[31]_GND_1_o_LessThan_35_o_cy<15> (Madd_GND_1_o_GND_1_o_add_40_OUT_lut<0>)
     LUT5:I0->O            4   0.043   0.470  Mmux_n0197261 (n0197<32>)
     LUT4:I0->O            0   0.043   0.000  Mcompar_tempb[31]_GND_1_o_LessThan_39_o_lutdi (Mcompar_tempb[31]_GND_1_o_LessThan_39_o_lutdi)
     MUXCY:DI->O           1   0.218   0.000  Mcompar_tempb[31]_GND_1_o_LessThan_39_o_cy<0> (Mcompar_tempb[31]_GND_1_o_LessThan_39_o_cy<0>)
     MUXCY:CI->O           1   0.013   0.000  Mcompar_tempb[31]_GND_1_o_LessThan_39_o_cy<1> (Mcompar_tempb[31]_GND_1_o_LessThan_39_o_cy<1>)
     MUXCY:CI->O           1   0.013   0.000  Mcompar_tempb[31]_GND_1_o_LessThan_39_o_cy<2> (Mcompar_tempb[31]_GND_1_o_LessThan_39_o_cy<2>)
     MUXCY:CI->O           1   0.013   0.000  Mcompar_tempb[31]_GND_1_o_LessThan_39_o_cy<3> (Mcompar_tempb[31]_GND_1_o_LessThan_39_o_cy<3>)
     MUXCY:CI->O           1   0.013   0.000  Mcompar_tempb[31]_GND_1_o_LessThan_39_o_cy<4> (Mcompar_tempb[31]_GND_1_o_LessThan_39_o_cy<4>)
     MUXCY:CI->O           1   0.013   0.000  Mcompar_tempb[31]_GND_1_o_LessThan_39_o_cy<5> (Mcompar_tempb[31]_GND_1_o_LessThan_39_o_cy<5>)
     MUXCY:CI->O           1   0.013   0.000  Mcompar_tempb[31]_GND_1_o_LessThan_39_o_cy<6> (Mcompar_tempb[31]_GND_1_o_LessThan_39_o_cy<6>)
     MUXCY:CI->O           1   0.013   0.000  Mcompar_tempb[31]_GND_1_o_LessThan_39_o_cy<7> (Mcompar_tempb[31]_GND_1_o_LessThan_39_o_cy<7>)
     MUXCY:CI->O           1   0.013   0.000  Mcompar_tempb[31]_GND_1_o_LessThan_39_o_cy<8> (Mcompar_tempb[31]_GND_1_o_LessThan_39_o_cy<8>)
     MUXCY:CI->O           1   0.013   0.000  Mcompar_tempb[31]_GND_1_o_LessThan_39_o_cy<9> (Mcompar_tempb[31]_GND_1_o_LessThan_39_o_cy<9>)
     MUXCY:CI->O           1   0.013   0.000  Mcompar_tempb[31]_GND_1_o_LessThan_39_o_cy<10> (Mcompar_tempb[31]_GND_1_o_LessThan_39_o_cy<10>)
     MUXCY:CI->O           1   0.013   0.000  Mcompar_tempb[31]_GND_1_o_LessThan_39_o_cy<11> (Mcompar_tempb[31]_GND_1_o_LessThan_39_o_cy<11>)
     MUXCY:CI->O           1   0.013   0.000  Mcompar_tempb[31]_GND_1_o_LessThan_39_o_cy<12> (Mcompar_tempb[31]_GND_1_o_LessThan_39_o_cy<12>)
     MUXCY:CI->O           1   0.013   0.000  Mcompar_tempb[31]_GND_1_o_LessThan_39_o_cy<13> (Mcompar_tempb[31]_GND_1_o_LessThan_39_o_cy<13>)
     MUXCY:CI->O           1   0.013   0.000  Mcompar_tempb[31]_GND_1_o_LessThan_39_o_cy<14> (Mcompar_tempb[31]_GND_1_o_LessThan_39_o_cy<14>)
     MUXCY:CI->O         121   0.147   0.663  Mcompar_tempb[31]_GND_1_o_LessThan_39_o_cy<15> (Madd_GND_1_o_GND_1_o_add_44_OUT_lut<0>)
     LUT5:I0->O            6   0.043   0.479  Mmux_n0200261 (n0200<32>)
     LUT4:I0->O            0   0.043   0.000  Mcompar_tempb[31]_GND_1_o_LessThan_43_o_lutdi (Mcompar_tempb[31]_GND_1_o_LessThan_43_o_lutdi)
     MUXCY:DI->O           1   0.218   0.000  Mcompar_tempb[31]_GND_1_o_LessThan_43_o_cy<0> (Mcompar_tempb[31]_GND_1_o_LessThan_43_o_cy<0>)
     MUXCY:CI->O           1   0.013   0.000  Mcompar_tempb[31]_GND_1_o_LessThan_43_o_cy<1> (Mcompar_tempb[31]_GND_1_o_LessThan_43_o_cy<1>)
     MUXCY:CI->O           1   0.013   0.000  Mcompar_tempb[31]_GND_1_o_LessThan_43_o_cy<2> (Mcompar_tempb[31]_GND_1_o_LessThan_43_o_cy<2>)
     MUXCY:CI->O           1   0.013   0.000  Mcompar_tempb[31]_GND_1_o_LessThan_43_o_cy<3> (Mcompar_tempb[31]_GND_1_o_LessThan_43_o_cy<3>)
     MUXCY:CI->O           1   0.013   0.000  Mcompar_tempb[31]_GND_1_o_LessThan_43_o_cy<4> (Mcompar_tempb[31]_GND_1_o_LessThan_43_o_cy<4>)
     MUXCY:CI->O           1   0.013   0.000  Mcompar_tempb[31]_GND_1_o_LessThan_43_o_cy<5> (Mcompar_tempb[31]_GND_1_o_LessThan_43_o_cy<5>)
     MUXCY:CI->O           1   0.013   0.000  Mcompar_tempb[31]_GND_1_o_LessThan_43_o_cy<6> (Mcompar_tempb[31]_GND_1_o_LessThan_43_o_cy<6>)
     MUXCY:CI->O           1   0.013   0.000  Mcompar_tempb[31]_GND_1_o_LessThan_43_o_cy<7> (Mcompar_tempb[31]_GND_1_o_LessThan_43_o_cy<7>)
     MUXCY:CI->O           1   0.013   0.000  Mcompar_tempb[31]_GND_1_o_LessThan_43_o_cy<8> (Mcompar_tempb[31]_GND_1_o_LessThan_43_o_cy<8>)
     MUXCY:CI->O           1   0.013   0.000  Mcompar_tempb[31]_GND_1_o_LessThan_43_o_cy<9> (Mcompar_tempb[31]_GND_1_o_LessThan_43_o_cy<9>)
     MUXCY:CI->O           1   0.013   0.000  Mcompar_tempb[31]_GND_1_o_LessThan_43_o_cy<10> (Mcompar_tempb[31]_GND_1_o_LessThan_43_o_cy<10>)
     MUXCY:CI->O           1   0.013   0.000  Mcompar_tempb[31]_GND_1_o_LessThan_43_o_cy<11> (Mcompar_tempb[31]_GND_1_o_LessThan_43_o_cy<11>)
     MUXCY:CI->O           1   0.013   0.000  Mcompar_tempb[31]_GND_1_o_LessThan_43_o_cy<12> (Mcompar_tempb[31]_GND_1_o_LessThan_43_o_cy<12>)
     MUXCY:CI->O           1   0.013   0.000  Mcompar_tempb[31]_GND_1_o_LessThan_43_o_cy<13> (Mcompar_tempb[31]_GND_1_o_LessThan_43_o_cy<13>)
     MUXCY:CI->O           1   0.013   0.000  Mcompar_tempb[31]_GND_1_o_LessThan_43_o_cy<14> (Mcompar_tempb[31]_GND_1_o_LessThan_43_o_cy<14>)
     MUXCY:CI->O         142   0.147   0.666  Mcompar_tempb[31]_GND_1_o_LessThan_43_o_cy<15> (Madd_GND_1_o_GND_1_o_add_48_OUT_lut<0>)
     LUT5:I0->O            4   0.043   0.470  Mmux_n0203261 (n0203<32>)
     LUT4:I0->O            0   0.043   0.000  Mcompar_tempb[31]_GND_1_o_LessThan_47_o_lutdi (Mcompar_tempb[31]_GND_1_o_LessThan_47_o_lutdi)
     MUXCY:DI->O           1   0.218   0.000  Mcompar_tempb[31]_GND_1_o_LessThan_47_o_cy<0> (Mcompar_tempb[31]_GND_1_o_LessThan_47_o_cy<0>)
     MUXCY:CI->O           1   0.013   0.000  Mcompar_tempb[31]_GND_1_o_LessThan_47_o_cy<1> (Mcompar_tempb[31]_GND_1_o_LessThan_47_o_cy<1>)
     MUXCY:CI->O           1   0.013   0.000  Mcompar_tempb[31]_GND_1_o_LessThan_47_o_cy<2> (Mcompar_tempb[31]_GND_1_o_LessThan_47_o_cy<2>)
     MUXCY:CI->O           1   0.013   0.000  Mcompar_tempb[31]_GND_1_o_LessThan_47_o_cy<3> (Mcompar_tempb[31]_GND_1_o_LessThan_47_o_cy<3>)
     MUXCY:CI->O           1   0.013   0.000  Mcompar_tempb[31]_GND_1_o_LessThan_47_o_cy<4> (Mcompar_tempb[31]_GND_1_o_LessThan_47_o_cy<4>)
     MUXCY:CI->O           1   0.013   0.000  Mcompar_tempb[31]_GND_1_o_LessThan_47_o_cy<5> (Mcompar_tempb[31]_GND_1_o_LessThan_47_o_cy<5>)
     MUXCY:CI->O           1   0.013   0.000  Mcompar_tempb[31]_GND_1_o_LessThan_47_o_cy<6> (Mcompar_tempb[31]_GND_1_o_LessThan_47_o_cy<6>)
     MUXCY:CI->O           1   0.013   0.000  Mcompar_tempb[31]_GND_1_o_LessThan_47_o_cy<7> (Mcompar_tempb[31]_GND_1_o_LessThan_47_o_cy<7>)
     MUXCY:CI->O           1   0.013   0.000  Mcompar_tempb[31]_GND_1_o_LessThan_47_o_cy<8> (Mcompar_tempb[31]_GND_1_o_LessThan_47_o_cy<8>)
     MUXCY:CI->O           1   0.013   0.000  Mcompar_tempb[31]_GND_1_o_LessThan_47_o_cy<9> (Mcompar_tempb[31]_GND_1_o_LessThan_47_o_cy<9>)
     MUXCY:CI->O           1   0.013   0.000  Mcompar_tempb[31]_GND_1_o_LessThan_47_o_cy<10> (Mcompar_tempb[31]_GND_1_o_LessThan_47_o_cy<10>)
     MUXCY:CI->O           1   0.013   0.000  Mcompar_tempb[31]_GND_1_o_LessThan_47_o_cy<11> (Mcompar_tempb[31]_GND_1_o_LessThan_47_o_cy<11>)
     MUXCY:CI->O           1   0.013   0.000  Mcompar_tempb[31]_GND_1_o_LessThan_47_o_cy<12> (Mcompar_tempb[31]_GND_1_o_LessThan_47_o_cy<12>)
     MUXCY:CI->O           1   0.013   0.000  Mcompar_tempb[31]_GND_1_o_LessThan_47_o_cy<13> (Mcompar_tempb[31]_GND_1_o_LessThan_47_o_cy<13>)
     MUXCY:CI->O           1   0.013   0.000  Mcompar_tempb[31]_GND_1_o_LessThan_47_o_cy<14> (Mcompar_tempb[31]_GND_1_o_LessThan_47_o_cy<14>)
     MUXCY:CI->O         122   0.147   0.663  Mcompar_tempb[31]_GND_1_o_LessThan_47_o_cy<15> (Madd_GND_1_o_GND_1_o_add_52_OUT_lut<0>)
     LUT5:I0->O            6   0.043   0.479  Mmux_n0206261 (n0206<32>)
     LUT4:I0->O            0   0.043   0.000  Mcompar_tempb[31]_GND_1_o_LessThan_51_o_lutdi (Mcompar_tempb[31]_GND_1_o_LessThan_51_o_lutdi)
     MUXCY:DI->O           1   0.218   0.000  Mcompar_tempb[31]_GND_1_o_LessThan_51_o_cy<0> (Mcompar_tempb[31]_GND_1_o_LessThan_51_o_cy<0>)
     MUXCY:CI->O           1   0.013   0.000  Mcompar_tempb[31]_GND_1_o_LessThan_51_o_cy<1> (Mcompar_tempb[31]_GND_1_o_LessThan_51_o_cy<1>)
     MUXCY:CI->O           1   0.013   0.000  Mcompar_tempb[31]_GND_1_o_LessThan_51_o_cy<2> (Mcompar_tempb[31]_GND_1_o_LessThan_51_o_cy<2>)
     MUXCY:CI->O           1   0.013   0.000  Mcompar_tempb[31]_GND_1_o_LessThan_51_o_cy<3> (Mcompar_tempb[31]_GND_1_o_LessThan_51_o_cy<3>)
     MUXCY:CI->O           1   0.013   0.000  Mcompar_tempb[31]_GND_1_o_LessThan_51_o_cy<4> (Mcompar_tempb[31]_GND_1_o_LessThan_51_o_cy<4>)
     MUXCY:CI->O           1   0.013   0.000  Mcompar_tempb[31]_GND_1_o_LessThan_51_o_cy<5> (Mcompar_tempb[31]_GND_1_o_LessThan_51_o_cy<5>)
     MUXCY:CI->O           1   0.013   0.000  Mcompar_tempb[31]_GND_1_o_LessThan_51_o_cy<6> (Mcompar_tempb[31]_GND_1_o_LessThan_51_o_cy<6>)
     MUXCY:CI->O           1   0.013   0.000  Mcompar_tempb[31]_GND_1_o_LessThan_51_o_cy<7> (Mcompar_tempb[31]_GND_1_o_LessThan_51_o_cy<7>)
     MUXCY:CI->O           1   0.013   0.000  Mcompar_tempb[31]_GND_1_o_LessThan_51_o_cy<8> (Mcompar_tempb[31]_GND_1_o_LessThan_51_o_cy<8>)
     MUXCY:CI->O           1   0.013   0.000  Mcompar_tempb[31]_GND_1_o_LessThan_51_o_cy<9> (Mcompar_tempb[31]_GND_1_o_LessThan_51_o_cy<9>)
     MUXCY:CI->O           1   0.013   0.000  Mcompar_tempb[31]_GND_1_o_LessThan_51_o_cy<10> (Mcompar_tempb[31]_GND_1_o_LessThan_51_o_cy<10>)
     MUXCY:CI->O           1   0.013   0.000  Mcompar_tempb[31]_GND_1_o_LessThan_51_o_cy<11> (Mcompar_tempb[31]_GND_1_o_LessThan_51_o_cy<11>)
     MUXCY:CI->O           1   0.013   0.000  Mcompar_tempb[31]_GND_1_o_LessThan_51_o_cy<12> (Mcompar_tempb[31]_GND_1_o_LessThan_51_o_cy<12>)
     MUXCY:CI->O           1   0.013   0.000  Mcompar_tempb[31]_GND_1_o_LessThan_51_o_cy<13> (Mcompar_tempb[31]_GND_1_o_LessThan_51_o_cy<13>)
     MUXCY:CI->O           1   0.013   0.000  Mcompar_tempb[31]_GND_1_o_LessThan_51_o_cy<14> (Mcompar_tempb[31]_GND_1_o_LessThan_51_o_cy<14>)
     MUXCY:CI->O         141   0.147   0.666  Mcompar_tempb[31]_GND_1_o_LessThan_51_o_cy<15> (Madd_GND_1_o_GND_1_o_add_56_OUT_lut<0>)
     LUT5:I0->O            4   0.043   0.470  Mmux_n0209261 (n0209<32>)
     LUT4:I0->O            0   0.043   0.000  Mcompar_tempb[31]_GND_1_o_LessThan_55_o_lutdi (Mcompar_tempb[31]_GND_1_o_LessThan_55_o_lutdi)
     MUXCY:DI->O           1   0.218   0.000  Mcompar_tempb[31]_GND_1_o_LessThan_55_o_cy<0> (Mcompar_tempb[31]_GND_1_o_LessThan_55_o_cy<0>)
     MUXCY:CI->O           1   0.013   0.000  Mcompar_tempb[31]_GND_1_o_LessThan_55_o_cy<1> (Mcompar_tempb[31]_GND_1_o_LessThan_55_o_cy<1>)
     MUXCY:CI->O           1   0.013   0.000  Mcompar_tempb[31]_GND_1_o_LessThan_55_o_cy<2> (Mcompar_tempb[31]_GND_1_o_LessThan_55_o_cy<2>)
     MUXCY:CI->O           1   0.013   0.000  Mcompar_tempb[31]_GND_1_o_LessThan_55_o_cy<3> (Mcompar_tempb[31]_GND_1_o_LessThan_55_o_cy<3>)
     MUXCY:CI->O           1   0.013   0.000  Mcompar_tempb[31]_GND_1_o_LessThan_55_o_cy<4> (Mcompar_tempb[31]_GND_1_o_LessThan_55_o_cy<4>)
     MUXCY:CI->O           1   0.013   0.000  Mcompar_tempb[31]_GND_1_o_LessThan_55_o_cy<5> (Mcompar_tempb[31]_GND_1_o_LessThan_55_o_cy<5>)
     MUXCY:CI->O           1   0.013   0.000  Mcompar_tempb[31]_GND_1_o_LessThan_55_o_cy<6> (Mcompar_tempb[31]_GND_1_o_LessThan_55_o_cy<6>)
     MUXCY:CI->O           1   0.013   0.000  Mcompar_tempb[31]_GND_1_o_LessThan_55_o_cy<7> (Mcompar_tempb[31]_GND_1_o_LessThan_55_o_cy<7>)
     MUXCY:CI->O           1   0.013   0.000  Mcompar_tempb[31]_GND_1_o_LessThan_55_o_cy<8> (Mcompar_tempb[31]_GND_1_o_LessThan_55_o_cy<8>)
     MUXCY:CI->O           1   0.013   0.000  Mcompar_tempb[31]_GND_1_o_LessThan_55_o_cy<9> (Mcompar_tempb[31]_GND_1_o_LessThan_55_o_cy<9>)
     MUXCY:CI->O           1   0.013   0.000  Mcompar_tempb[31]_GND_1_o_LessThan_55_o_cy<10> (Mcompar_tempb[31]_GND_1_o_LessThan_55_o_cy<10>)
     MUXCY:CI->O           1   0.013   0.000  Mcompar_tempb[31]_GND_1_o_LessThan_55_o_cy<11> (Mcompar_tempb[31]_GND_1_o_LessThan_55_o_cy<11>)
     MUXCY:CI->O           1   0.013   0.000  Mcompar_tempb[31]_GND_1_o_LessThan_55_o_cy<12> (Mcompar_tempb[31]_GND_1_o_LessThan_55_o_cy<12>)
     MUXCY:CI->O           1   0.013   0.000  Mcompar_tempb[31]_GND_1_o_LessThan_55_o_cy<13> (Mcompar_tempb[31]_GND_1_o_LessThan_55_o_cy<13>)
     MUXCY:CI->O           1   0.013   0.000  Mcompar_tempb[31]_GND_1_o_LessThan_55_o_cy<14> (Mcompar_tempb[31]_GND_1_o_LessThan_55_o_cy<14>)
     MUXCY:CI->O         123   0.147   0.663  Mcompar_tempb[31]_GND_1_o_LessThan_55_o_cy<15> (Madd_GND_1_o_GND_1_o_add_60_OUT_lut<0>)
     LUT5:I0->O            6   0.043   0.479  Mmux_n0212261 (n0212<32>)
     LUT4:I0->O            0   0.043   0.000  Mcompar_tempb[31]_GND_1_o_LessThan_59_o_lutdi (Mcompar_tempb[31]_GND_1_o_LessThan_59_o_lutdi)
     MUXCY:DI->O           1   0.218   0.000  Mcompar_tempb[31]_GND_1_o_LessThan_59_o_cy<0> (Mcompar_tempb[31]_GND_1_o_LessThan_59_o_cy<0>)
     MUXCY:CI->O           1   0.013   0.000  Mcompar_tempb[31]_GND_1_o_LessThan_59_o_cy<1> (Mcompar_tempb[31]_GND_1_o_LessThan_59_o_cy<1>)
     MUXCY:CI->O           1   0.013   0.000  Mcompar_tempb[31]_GND_1_o_LessThan_59_o_cy<2> (Mcompar_tempb[31]_GND_1_o_LessThan_59_o_cy<2>)
     MUXCY:CI->O           1   0.013   0.000  Mcompar_tempb[31]_GND_1_o_LessThan_59_o_cy<3> (Mcompar_tempb[31]_GND_1_o_LessThan_59_o_cy<3>)
     MUXCY:CI->O           1   0.013   0.000  Mcompar_tempb[31]_GND_1_o_LessThan_59_o_cy<4> (Mcompar_tempb[31]_GND_1_o_LessThan_59_o_cy<4>)
     MUXCY:CI->O           1   0.013   0.000  Mcompar_tempb[31]_GND_1_o_LessThan_59_o_cy<5> (Mcompar_tempb[31]_GND_1_o_LessThan_59_o_cy<5>)
     MUXCY:CI->O           1   0.013   0.000  Mcompar_tempb[31]_GND_1_o_LessThan_59_o_cy<6> (Mcompar_tempb[31]_GND_1_o_LessThan_59_o_cy<6>)
     MUXCY:CI->O           1   0.013   0.000  Mcompar_tempb[31]_GND_1_o_LessThan_59_o_cy<7> (Mcompar_tempb[31]_GND_1_o_LessThan_59_o_cy<7>)
     MUXCY:CI->O           1   0.013   0.000  Mcompar_tempb[31]_GND_1_o_LessThan_59_o_cy<8> (Mcompar_tempb[31]_GND_1_o_LessThan_59_o_cy<8>)
     MUXCY:CI->O           1   0.013   0.000  Mcompar_tempb[31]_GND_1_o_LessThan_59_o_cy<9> (Mcompar_tempb[31]_GND_1_o_LessThan_59_o_cy<9>)
     MUXCY:CI->O           1   0.013   0.000  Mcompar_tempb[31]_GND_1_o_LessThan_59_o_cy<10> (Mcompar_tempb[31]_GND_1_o_LessThan_59_o_cy<10>)
     MUXCY:CI->O           1   0.013   0.000  Mcompar_tempb[31]_GND_1_o_LessThan_59_o_cy<11> (Mcompar_tempb[31]_GND_1_o_LessThan_59_o_cy<11>)
     MUXCY:CI->O           1   0.013   0.000  Mcompar_tempb[31]_GND_1_o_LessThan_59_o_cy<12> (Mcompar_tempb[31]_GND_1_o_LessThan_59_o_cy<12>)
     MUXCY:CI->O           1   0.013   0.000  Mcompar_tempb[31]_GND_1_o_LessThan_59_o_cy<13> (Mcompar_tempb[31]_GND_1_o_LessThan_59_o_cy<13>)
     MUXCY:CI->O           1   0.013   0.000  Mcompar_tempb[31]_GND_1_o_LessThan_59_o_cy<14> (Mcompar_tempb[31]_GND_1_o_LessThan_59_o_cy<14>)
     MUXCY:CI->O         140   0.147   0.666  Mcompar_tempb[31]_GND_1_o_LessThan_59_o_cy<15> (Madd_GND_1_o_GND_1_o_add_64_OUT_lut<0>)
     LUT5:I0->O            4   0.043   0.470  Mmux_n0215261 (n0215<32>)
     LUT4:I0->O            0   0.043   0.000  Mcompar_tempb[31]_GND_1_o_LessThan_63_o_lutdi (Mcompar_tempb[31]_GND_1_o_LessThan_63_o_lutdi)
     MUXCY:DI->O           1   0.218   0.000  Mcompar_tempb[31]_GND_1_o_LessThan_63_o_cy<0> (Mcompar_tempb[31]_GND_1_o_LessThan_63_o_cy<0>)
     MUXCY:CI->O           1   0.013   0.000  Mcompar_tempb[31]_GND_1_o_LessThan_63_o_cy<1> (Mcompar_tempb[31]_GND_1_o_LessThan_63_o_cy<1>)
     MUXCY:CI->O           1   0.013   0.000  Mcompar_tempb[31]_GND_1_o_LessThan_63_o_cy<2> (Mcompar_tempb[31]_GND_1_o_LessThan_63_o_cy<2>)
     MUXCY:CI->O           1   0.013   0.000  Mcompar_tempb[31]_GND_1_o_LessThan_63_o_cy<3> (Mcompar_tempb[31]_GND_1_o_LessThan_63_o_cy<3>)
     MUXCY:CI->O           1   0.013   0.000  Mcompar_tempb[31]_GND_1_o_LessThan_63_o_cy<4> (Mcompar_tempb[31]_GND_1_o_LessThan_63_o_cy<4>)
     MUXCY:CI->O           1   0.013   0.000  Mcompar_tempb[31]_GND_1_o_LessThan_63_o_cy<5> (Mcompar_tempb[31]_GND_1_o_LessThan_63_o_cy<5>)
     MUXCY:CI->O           1   0.013   0.000  Mcompar_tempb[31]_GND_1_o_LessThan_63_o_cy<6> (Mcompar_tempb[31]_GND_1_o_LessThan_63_o_cy<6>)
     MUXCY:CI->O           1   0.013   0.000  Mcompar_tempb[31]_GND_1_o_LessThan_63_o_cy<7> (Mcompar_tempb[31]_GND_1_o_LessThan_63_o_cy<7>)
     MUXCY:CI->O           1   0.013   0.000  Mcompar_tempb[31]_GND_1_o_LessThan_63_o_cy<8> (Mcompar_tempb[31]_GND_1_o_LessThan_63_o_cy<8>)
     MUXCY:CI->O           1   0.013   0.000  Mcompar_tempb[31]_GND_1_o_LessThan_63_o_cy<9> (Mcompar_tempb[31]_GND_1_o_LessThan_63_o_cy<9>)
     MUXCY:CI->O           1   0.013   0.000  Mcompar_tempb[31]_GND_1_o_LessThan_63_o_cy<10> (Mcompar_tempb[31]_GND_1_o_LessThan_63_o_cy<10>)
     MUXCY:CI->O           1   0.013   0.000  Mcompar_tempb[31]_GND_1_o_LessThan_63_o_cy<11> (Mcompar_tempb[31]_GND_1_o_LessThan_63_o_cy<11>)
     MUXCY:CI->O           1   0.013   0.000  Mcompar_tempb[31]_GND_1_o_LessThan_63_o_cy<12> (Mcompar_tempb[31]_GND_1_o_LessThan_63_o_cy<12>)
     MUXCY:CI->O           1   0.013   0.000  Mcompar_tempb[31]_GND_1_o_LessThan_63_o_cy<13> (Mcompar_tempb[31]_GND_1_o_LessThan_63_o_cy<13>)
     MUXCY:CI->O           1   0.013   0.000  Mcompar_tempb[31]_GND_1_o_LessThan_63_o_cy<14> (Mcompar_tempb[31]_GND_1_o_LessThan_63_o_cy<14>)
     MUXCY:CI->O         124   0.147   0.663  Mcompar_tempb[31]_GND_1_o_LessThan_63_o_cy<15> (Madd_GND_1_o_GND_1_o_add_68_OUT_lut<0>)
     LUT5:I0->O            6   0.043   0.479  Mmux_n0218261 (n0218<32>)
     LUT4:I0->O            0   0.043   0.000  Mcompar_tempb[31]_GND_1_o_LessThan_67_o_lutdi (Mcompar_tempb[31]_GND_1_o_LessThan_67_o_lutdi)
     MUXCY:DI->O           1   0.218   0.000  Mcompar_tempb[31]_GND_1_o_LessThan_67_o_cy<0> (Mcompar_tempb[31]_GND_1_o_LessThan_67_o_cy<0>)
     MUXCY:CI->O           1   0.013   0.000  Mcompar_tempb[31]_GND_1_o_LessThan_67_o_cy<1> (Mcompar_tempb[31]_GND_1_o_LessThan_67_o_cy<1>)
     MUXCY:CI->O           1   0.013   0.000  Mcompar_tempb[31]_GND_1_o_LessThan_67_o_cy<2> (Mcompar_tempb[31]_GND_1_o_LessThan_67_o_cy<2>)
     MUXCY:CI->O           1   0.013   0.000  Mcompar_tempb[31]_GND_1_o_LessThan_67_o_cy<3> (Mcompar_tempb[31]_GND_1_o_LessThan_67_o_cy<3>)
     MUXCY:CI->O           1   0.013   0.000  Mcompar_tempb[31]_GND_1_o_LessThan_67_o_cy<4> (Mcompar_tempb[31]_GND_1_o_LessThan_67_o_cy<4>)
     MUXCY:CI->O           1   0.013   0.000  Mcompar_tempb[31]_GND_1_o_LessThan_67_o_cy<5> (Mcompar_tempb[31]_GND_1_o_LessThan_67_o_cy<5>)
     MUXCY:CI->O           1   0.013   0.000  Mcompar_tempb[31]_GND_1_o_LessThan_67_o_cy<6> (Mcompar_tempb[31]_GND_1_o_LessThan_67_o_cy<6>)
     MUXCY:CI->O           1   0.013   0.000  Mcompar_tempb[31]_GND_1_o_LessThan_67_o_cy<7> (Mcompar_tempb[31]_GND_1_o_LessThan_67_o_cy<7>)
     MUXCY:CI->O           1   0.013   0.000  Mcompar_tempb[31]_GND_1_o_LessThan_67_o_cy<8> (Mcompar_tempb[31]_GND_1_o_LessThan_67_o_cy<8>)
     MUXCY:CI->O           1   0.013   0.000  Mcompar_tempb[31]_GND_1_o_LessThan_67_o_cy<9> (Mcompar_tempb[31]_GND_1_o_LessThan_67_o_cy<9>)
     MUXCY:CI->O           1   0.013   0.000  Mcompar_tempb[31]_GND_1_o_LessThan_67_o_cy<10> (Mcompar_tempb[31]_GND_1_o_LessThan_67_o_cy<10>)
     MUXCY:CI->O           1   0.013   0.000  Mcompar_tempb[31]_GND_1_o_LessThan_67_o_cy<11> (Mcompar_tempb[31]_GND_1_o_LessThan_67_o_cy<11>)
     MUXCY:CI->O           1   0.013   0.000  Mcompar_tempb[31]_GND_1_o_LessThan_67_o_cy<12> (Mcompar_tempb[31]_GND_1_o_LessThan_67_o_cy<12>)
     MUXCY:CI->O           1   0.013   0.000  Mcompar_tempb[31]_GND_1_o_LessThan_67_o_cy<13> (Mcompar_tempb[31]_GND_1_o_LessThan_67_o_cy<13>)
     MUXCY:CI->O           1   0.013   0.000  Mcompar_tempb[31]_GND_1_o_LessThan_67_o_cy<14> (Mcompar_tempb[31]_GND_1_o_LessThan_67_o_cy<14>)
     MUXCY:CI->O         139   0.147   0.665  Mcompar_tempb[31]_GND_1_o_LessThan_67_o_cy<15> (Madd_GND_1_o_GND_1_o_add_72_OUT_lut<0>)
     LUT5:I0->O            4   0.043   0.470  Mmux_n0221261 (n0221<32>)
     LUT4:I0->O            0   0.043   0.000  Mcompar_tempb[31]_GND_1_o_LessThan_71_o_lutdi (Mcompar_tempb[31]_GND_1_o_LessThan_71_o_lutdi)
     MUXCY:DI->O           1   0.218   0.000  Mcompar_tempb[31]_GND_1_o_LessThan_71_o_cy<0> (Mcompar_tempb[31]_GND_1_o_LessThan_71_o_cy<0>)
     MUXCY:CI->O           1   0.013   0.000  Mcompar_tempb[31]_GND_1_o_LessThan_71_o_cy<1> (Mcompar_tempb[31]_GND_1_o_LessThan_71_o_cy<1>)
     MUXCY:CI->O           1   0.013   0.000  Mcompar_tempb[31]_GND_1_o_LessThan_71_o_cy<2> (Mcompar_tempb[31]_GND_1_o_LessThan_71_o_cy<2>)
     MUXCY:CI->O           1   0.013   0.000  Mcompar_tempb[31]_GND_1_o_LessThan_71_o_cy<3> (Mcompar_tempb[31]_GND_1_o_LessThan_71_o_cy<3>)
     MUXCY:CI->O           1   0.013   0.000  Mcompar_tempb[31]_GND_1_o_LessThan_71_o_cy<4> (Mcompar_tempb[31]_GND_1_o_LessThan_71_o_cy<4>)
     MUXCY:CI->O           1   0.013   0.000  Mcompar_tempb[31]_GND_1_o_LessThan_71_o_cy<5> (Mcompar_tempb[31]_GND_1_o_LessThan_71_o_cy<5>)
     MUXCY:CI->O           1   0.013   0.000  Mcompar_tempb[31]_GND_1_o_LessThan_71_o_cy<6> (Mcompar_tempb[31]_GND_1_o_LessThan_71_o_cy<6>)
     MUXCY:CI->O           1   0.013   0.000  Mcompar_tempb[31]_GND_1_o_LessThan_71_o_cy<7> (Mcompar_tempb[31]_GND_1_o_LessThan_71_o_cy<7>)
     MUXCY:CI->O           1   0.013   0.000  Mcompar_tempb[31]_GND_1_o_LessThan_71_o_cy<8> (Mcompar_tempb[31]_GND_1_o_LessThan_71_o_cy<8>)
     MUXCY:CI->O           1   0.013   0.000  Mcompar_tempb[31]_GND_1_o_LessThan_71_o_cy<9> (Mcompar_tempb[31]_GND_1_o_LessThan_71_o_cy<9>)
     MUXCY:CI->O           1   0.013   0.000  Mcompar_tempb[31]_GND_1_o_LessThan_71_o_cy<10> (Mcompar_tempb[31]_GND_1_o_LessThan_71_o_cy<10>)
     MUXCY:CI->O           1   0.013   0.000  Mcompar_tempb[31]_GND_1_o_LessThan_71_o_cy<11> (Mcompar_tempb[31]_GND_1_o_LessThan_71_o_cy<11>)
     MUXCY:CI->O           1   0.013   0.000  Mcompar_tempb[31]_GND_1_o_LessThan_71_o_cy<12> (Mcompar_tempb[31]_GND_1_o_LessThan_71_o_cy<12>)
     MUXCY:CI->O           1   0.013   0.000  Mcompar_tempb[31]_GND_1_o_LessThan_71_o_cy<13> (Mcompar_tempb[31]_GND_1_o_LessThan_71_o_cy<13>)
     MUXCY:CI->O           1   0.013   0.000  Mcompar_tempb[31]_GND_1_o_LessThan_71_o_cy<14> (Mcompar_tempb[31]_GND_1_o_LessThan_71_o_cy<14>)
     MUXCY:CI->O         125   0.147   0.663  Mcompar_tempb[31]_GND_1_o_LessThan_71_o_cy<15> (Madd_GND_1_o_GND_1_o_add_76_OUT_lut<0>)
     LUT5:I0->O            6   0.043   0.479  Mmux_n0224261 (n0224<32>)
     LUT4:I0->O            0   0.043   0.000  Mcompar_tempb[31]_GND_1_o_LessThan_75_o_lutdi (Mcompar_tempb[31]_GND_1_o_LessThan_75_o_lutdi)
     MUXCY:DI->O           1   0.218   0.000  Mcompar_tempb[31]_GND_1_o_LessThan_75_o_cy<0> (Mcompar_tempb[31]_GND_1_o_LessThan_75_o_cy<0>)
     MUXCY:CI->O           1   0.013   0.000  Mcompar_tempb[31]_GND_1_o_LessThan_75_o_cy<1> (Mcompar_tempb[31]_GND_1_o_LessThan_75_o_cy<1>)
     MUXCY:CI->O           1   0.013   0.000  Mcompar_tempb[31]_GND_1_o_LessThan_75_o_cy<2> (Mcompar_tempb[31]_GND_1_o_LessThan_75_o_cy<2>)
     MUXCY:CI->O           1   0.013   0.000  Mcompar_tempb[31]_GND_1_o_LessThan_75_o_cy<3> (Mcompar_tempb[31]_GND_1_o_LessThan_75_o_cy<3>)
     MUXCY:CI->O           1   0.013   0.000  Mcompar_tempb[31]_GND_1_o_LessThan_75_o_cy<4> (Mcompar_tempb[31]_GND_1_o_LessThan_75_o_cy<4>)
     MUXCY:CI->O           1   0.013   0.000  Mcompar_tempb[31]_GND_1_o_LessThan_75_o_cy<5> (Mcompar_tempb[31]_GND_1_o_LessThan_75_o_cy<5>)
     MUXCY:CI->O           1   0.013   0.000  Mcompar_tempb[31]_GND_1_o_LessThan_75_o_cy<6> (Mcompar_tempb[31]_GND_1_o_LessThan_75_o_cy<6>)
     MUXCY:CI->O           1   0.013   0.000  Mcompar_tempb[31]_GND_1_o_LessThan_75_o_cy<7> (Mcompar_tempb[31]_GND_1_o_LessThan_75_o_cy<7>)
     MUXCY:CI->O           1   0.013   0.000  Mcompar_tempb[31]_GND_1_o_LessThan_75_o_cy<8> (Mcompar_tempb[31]_GND_1_o_LessThan_75_o_cy<8>)
     MUXCY:CI->O           1   0.013   0.000  Mcompar_tempb[31]_GND_1_o_LessThan_75_o_cy<9> (Mcompar_tempb[31]_GND_1_o_LessThan_75_o_cy<9>)
     MUXCY:CI->O           1   0.013   0.000  Mcompar_tempb[31]_GND_1_o_LessThan_75_o_cy<10> (Mcompar_tempb[31]_GND_1_o_LessThan_75_o_cy<10>)
     MUXCY:CI->O           1   0.013   0.000  Mcompar_tempb[31]_GND_1_o_LessThan_75_o_cy<11> (Mcompar_tempb[31]_GND_1_o_LessThan_75_o_cy<11>)
     MUXCY:CI->O           1   0.013   0.000  Mcompar_tempb[31]_GND_1_o_LessThan_75_o_cy<12> (Mcompar_tempb[31]_GND_1_o_LessThan_75_o_cy<12>)
     MUXCY:CI->O           1   0.013   0.000  Mcompar_tempb[31]_GND_1_o_LessThan_75_o_cy<13> (Mcompar_tempb[31]_GND_1_o_LessThan_75_o_cy<13>)
     MUXCY:CI->O           1   0.013   0.000  Mcompar_tempb[31]_GND_1_o_LessThan_75_o_cy<14> (Mcompar_tempb[31]_GND_1_o_LessThan_75_o_cy<14>)
     MUXCY:CI->O         138   0.147   0.665  Mcompar_tempb[31]_GND_1_o_LessThan_75_o_cy<15> (Madd_GND_1_o_GND_1_o_add_80_OUT_lut<0>)
     LUT5:I0->O            4   0.043   0.470  Mmux_n0227261 (n0227<32>)
     LUT4:I0->O            0   0.043   0.000  Mcompar_tempb[31]_GND_1_o_LessThan_79_o_lutdi (Mcompar_tempb[31]_GND_1_o_LessThan_79_o_lutdi)
     MUXCY:DI->O           1   0.218   0.000  Mcompar_tempb[31]_GND_1_o_LessThan_79_o_cy<0> (Mcompar_tempb[31]_GND_1_o_LessThan_79_o_cy<0>)
     MUXCY:CI->O           1   0.013   0.000  Mcompar_tempb[31]_GND_1_o_LessThan_79_o_cy<1> (Mcompar_tempb[31]_GND_1_o_LessThan_79_o_cy<1>)
     MUXCY:CI->O           1   0.013   0.000  Mcompar_tempb[31]_GND_1_o_LessThan_79_o_cy<2> (Mcompar_tempb[31]_GND_1_o_LessThan_79_o_cy<2>)
     MUXCY:CI->O           1   0.013   0.000  Mcompar_tempb[31]_GND_1_o_LessThan_79_o_cy<3> (Mcompar_tempb[31]_GND_1_o_LessThan_79_o_cy<3>)
     MUXCY:CI->O           1   0.013   0.000  Mcompar_tempb[31]_GND_1_o_LessThan_79_o_cy<4> (Mcompar_tempb[31]_GND_1_o_LessThan_79_o_cy<4>)
     MUXCY:CI->O           1   0.013   0.000  Mcompar_tempb[31]_GND_1_o_LessThan_79_o_cy<5> (Mcompar_tempb[31]_GND_1_o_LessThan_79_o_cy<5>)
     MUXCY:CI->O           1   0.013   0.000  Mcompar_tempb[31]_GND_1_o_LessThan_79_o_cy<6> (Mcompar_tempb[31]_GND_1_o_LessThan_79_o_cy<6>)
     MUXCY:CI->O           1   0.013   0.000  Mcompar_tempb[31]_GND_1_o_LessThan_79_o_cy<7> (Mcompar_tempb[31]_GND_1_o_LessThan_79_o_cy<7>)
     MUXCY:CI->O           1   0.013   0.000  Mcompar_tempb[31]_GND_1_o_LessThan_79_o_cy<8> (Mcompar_tempb[31]_GND_1_o_LessThan_79_o_cy<8>)
     MUXCY:CI->O           1   0.013   0.000  Mcompar_tempb[31]_GND_1_o_LessThan_79_o_cy<9> (Mcompar_tempb[31]_GND_1_o_LessThan_79_o_cy<9>)
     MUXCY:CI->O           1   0.013   0.000  Mcompar_tempb[31]_GND_1_o_LessThan_79_o_cy<10> (Mcompar_tempb[31]_GND_1_o_LessThan_79_o_cy<10>)
     MUXCY:CI->O           1   0.013   0.000  Mcompar_tempb[31]_GND_1_o_LessThan_79_o_cy<11> (Mcompar_tempb[31]_GND_1_o_LessThan_79_o_cy<11>)
     MUXCY:CI->O           1   0.013   0.000  Mcompar_tempb[31]_GND_1_o_LessThan_79_o_cy<12> (Mcompar_tempb[31]_GND_1_o_LessThan_79_o_cy<12>)
     MUXCY:CI->O           1   0.013   0.000  Mcompar_tempb[31]_GND_1_o_LessThan_79_o_cy<13> (Mcompar_tempb[31]_GND_1_o_LessThan_79_o_cy<13>)
     MUXCY:CI->O           1   0.013   0.000  Mcompar_tempb[31]_GND_1_o_LessThan_79_o_cy<14> (Mcompar_tempb[31]_GND_1_o_LessThan_79_o_cy<14>)
     MUXCY:CI->O         126   0.147   0.663  Mcompar_tempb[31]_GND_1_o_LessThan_79_o_cy<15> (Madd_GND_1_o_GND_1_o_add_84_OUT_lut<0>)
     LUT5:I0->O            6   0.043   0.479  Mmux_n0230261 (n0230<32>)
     LUT4:I0->O            0   0.043   0.000  Mcompar_tempb[31]_GND_1_o_LessThan_83_o_lutdi (Mcompar_tempb[31]_GND_1_o_LessThan_83_o_lutdi)
     MUXCY:DI->O           1   0.218   0.000  Mcompar_tempb[31]_GND_1_o_LessThan_83_o_cy<0> (Mcompar_tempb[31]_GND_1_o_LessThan_83_o_cy<0>)
     MUXCY:CI->O           1   0.013   0.000  Mcompar_tempb[31]_GND_1_o_LessThan_83_o_cy<1> (Mcompar_tempb[31]_GND_1_o_LessThan_83_o_cy<1>)
     MUXCY:CI->O           1   0.013   0.000  Mcompar_tempb[31]_GND_1_o_LessThan_83_o_cy<2> (Mcompar_tempb[31]_GND_1_o_LessThan_83_o_cy<2>)
     MUXCY:CI->O           1   0.013   0.000  Mcompar_tempb[31]_GND_1_o_LessThan_83_o_cy<3> (Mcompar_tempb[31]_GND_1_o_LessThan_83_o_cy<3>)
     MUXCY:CI->O           1   0.013   0.000  Mcompar_tempb[31]_GND_1_o_LessThan_83_o_cy<4> (Mcompar_tempb[31]_GND_1_o_LessThan_83_o_cy<4>)
     MUXCY:CI->O           1   0.013   0.000  Mcompar_tempb[31]_GND_1_o_LessThan_83_o_cy<5> (Mcompar_tempb[31]_GND_1_o_LessThan_83_o_cy<5>)
     MUXCY:CI->O           1   0.013   0.000  Mcompar_tempb[31]_GND_1_o_LessThan_83_o_cy<6> (Mcompar_tempb[31]_GND_1_o_LessThan_83_o_cy<6>)
     MUXCY:CI->O           1   0.013   0.000  Mcompar_tempb[31]_GND_1_o_LessThan_83_o_cy<7> (Mcompar_tempb[31]_GND_1_o_LessThan_83_o_cy<7>)
     MUXCY:CI->O           1   0.013   0.000  Mcompar_tempb[31]_GND_1_o_LessThan_83_o_cy<8> (Mcompar_tempb[31]_GND_1_o_LessThan_83_o_cy<8>)
     MUXCY:CI->O           1   0.013   0.000  Mcompar_tempb[31]_GND_1_o_LessThan_83_o_cy<9> (Mcompar_tempb[31]_GND_1_o_LessThan_83_o_cy<9>)
     MUXCY:CI->O           1   0.013   0.000  Mcompar_tempb[31]_GND_1_o_LessThan_83_o_cy<10> (Mcompar_tempb[31]_GND_1_o_LessThan_83_o_cy<10>)
     MUXCY:CI->O           1   0.013   0.000  Mcompar_tempb[31]_GND_1_o_LessThan_83_o_cy<11> (Mcompar_tempb[31]_GND_1_o_LessThan_83_o_cy<11>)
     MUXCY:CI->O           1   0.013   0.000  Mcompar_tempb[31]_GND_1_o_LessThan_83_o_cy<12> (Mcompar_tempb[31]_GND_1_o_LessThan_83_o_cy<12>)
     MUXCY:CI->O           1   0.013   0.000  Mcompar_tempb[31]_GND_1_o_LessThan_83_o_cy<13> (Mcompar_tempb[31]_GND_1_o_LessThan_83_o_cy<13>)
     MUXCY:CI->O           1   0.013   0.000  Mcompar_tempb[31]_GND_1_o_LessThan_83_o_cy<14> (Mcompar_tempb[31]_GND_1_o_LessThan_83_o_cy<14>)
     MUXCY:CI->O         137   0.147   0.665  Mcompar_tempb[31]_GND_1_o_LessThan_83_o_cy<15> (Madd_GND_1_o_GND_1_o_add_88_OUT_lut<0>)
     LUT5:I0->O            4   0.043   0.470  Mmux_n0233261 (n0233<32>)
     LUT4:I0->O            0   0.043   0.000  Mcompar_tempb[31]_GND_1_o_LessThan_87_o_lutdi (Mcompar_tempb[31]_GND_1_o_LessThan_87_o_lutdi)
     MUXCY:DI->O           1   0.218   0.000  Mcompar_tempb[31]_GND_1_o_LessThan_87_o_cy<0> (Mcompar_tempb[31]_GND_1_o_LessThan_87_o_cy<0>)
     MUXCY:CI->O           1   0.013   0.000  Mcompar_tempb[31]_GND_1_o_LessThan_87_o_cy<1> (Mcompar_tempb[31]_GND_1_o_LessThan_87_o_cy<1>)
     MUXCY:CI->O           1   0.013   0.000  Mcompar_tempb[31]_GND_1_o_LessThan_87_o_cy<2> (Mcompar_tempb[31]_GND_1_o_LessThan_87_o_cy<2>)
     MUXCY:CI->O           1   0.013   0.000  Mcompar_tempb[31]_GND_1_o_LessThan_87_o_cy<3> (Mcompar_tempb[31]_GND_1_o_LessThan_87_o_cy<3>)
     MUXCY:CI->O           1   0.013   0.000  Mcompar_tempb[31]_GND_1_o_LessThan_87_o_cy<4> (Mcompar_tempb[31]_GND_1_o_LessThan_87_o_cy<4>)
     MUXCY:CI->O           1   0.013   0.000  Mcompar_tempb[31]_GND_1_o_LessThan_87_o_cy<5> (Mcompar_tempb[31]_GND_1_o_LessThan_87_o_cy<5>)
     MUXCY:CI->O           1   0.013   0.000  Mcompar_tempb[31]_GND_1_o_LessThan_87_o_cy<6> (Mcompar_tempb[31]_GND_1_o_LessThan_87_o_cy<6>)
     MUXCY:CI->O           1   0.013   0.000  Mcompar_tempb[31]_GND_1_o_LessThan_87_o_cy<7> (Mcompar_tempb[31]_GND_1_o_LessThan_87_o_cy<7>)
     MUXCY:CI->O           1   0.013   0.000  Mcompar_tempb[31]_GND_1_o_LessThan_87_o_cy<8> (Mcompar_tempb[31]_GND_1_o_LessThan_87_o_cy<8>)
     MUXCY:CI->O           1   0.013   0.000  Mcompar_tempb[31]_GND_1_o_LessThan_87_o_cy<9> (Mcompar_tempb[31]_GND_1_o_LessThan_87_o_cy<9>)
     MUXCY:CI->O           1   0.013   0.000  Mcompar_tempb[31]_GND_1_o_LessThan_87_o_cy<10> (Mcompar_tempb[31]_GND_1_o_LessThan_87_o_cy<10>)
     MUXCY:CI->O           1   0.013   0.000  Mcompar_tempb[31]_GND_1_o_LessThan_87_o_cy<11> (Mcompar_tempb[31]_GND_1_o_LessThan_87_o_cy<11>)
     MUXCY:CI->O           1   0.013   0.000  Mcompar_tempb[31]_GND_1_o_LessThan_87_o_cy<12> (Mcompar_tempb[31]_GND_1_o_LessThan_87_o_cy<12>)
     MUXCY:CI->O           1   0.013   0.000  Mcompar_tempb[31]_GND_1_o_LessThan_87_o_cy<13> (Mcompar_tempb[31]_GND_1_o_LessThan_87_o_cy<13>)
     MUXCY:CI->O           1   0.013   0.000  Mcompar_tempb[31]_GND_1_o_LessThan_87_o_cy<14> (Mcompar_tempb[31]_GND_1_o_LessThan_87_o_cy<14>)
     MUXCY:CI->O         127   0.147   0.664  Mcompar_tempb[31]_GND_1_o_LessThan_87_o_cy<15> (Madd_GND_1_o_GND_1_o_add_92_OUT_lut<0>)
     LUT5:I0->O            6   0.043   0.479  Mmux_n0236261 (n0236<32>)
     LUT4:I0->O            0   0.043   0.000  Mcompar_tempb[31]_GND_1_o_LessThan_91_o_lutdi (Mcompar_tempb[31]_GND_1_o_LessThan_91_o_lutdi)
     MUXCY:DI->O           1   0.218   0.000  Mcompar_tempb[31]_GND_1_o_LessThan_91_o_cy<0> (Mcompar_tempb[31]_GND_1_o_LessThan_91_o_cy<0>)
     MUXCY:CI->O           1   0.013   0.000  Mcompar_tempb[31]_GND_1_o_LessThan_91_o_cy<1> (Mcompar_tempb[31]_GND_1_o_LessThan_91_o_cy<1>)
     MUXCY:CI->O           1   0.013   0.000  Mcompar_tempb[31]_GND_1_o_LessThan_91_o_cy<2> (Mcompar_tempb[31]_GND_1_o_LessThan_91_o_cy<2>)
     MUXCY:CI->O           1   0.013   0.000  Mcompar_tempb[31]_GND_1_o_LessThan_91_o_cy<3> (Mcompar_tempb[31]_GND_1_o_LessThan_91_o_cy<3>)
     MUXCY:CI->O           1   0.013   0.000  Mcompar_tempb[31]_GND_1_o_LessThan_91_o_cy<4> (Mcompar_tempb[31]_GND_1_o_LessThan_91_o_cy<4>)
     MUXCY:CI->O           1   0.013   0.000  Mcompar_tempb[31]_GND_1_o_LessThan_91_o_cy<5> (Mcompar_tempb[31]_GND_1_o_LessThan_91_o_cy<5>)
     MUXCY:CI->O           1   0.013   0.000  Mcompar_tempb[31]_GND_1_o_LessThan_91_o_cy<6> (Mcompar_tempb[31]_GND_1_o_LessThan_91_o_cy<6>)
     MUXCY:CI->O           1   0.013   0.000  Mcompar_tempb[31]_GND_1_o_LessThan_91_o_cy<7> (Mcompar_tempb[31]_GND_1_o_LessThan_91_o_cy<7>)
     MUXCY:CI->O           1   0.013   0.000  Mcompar_tempb[31]_GND_1_o_LessThan_91_o_cy<8> (Mcompar_tempb[31]_GND_1_o_LessThan_91_o_cy<8>)
     MUXCY:CI->O           1   0.013   0.000  Mcompar_tempb[31]_GND_1_o_LessThan_91_o_cy<9> (Mcompar_tempb[31]_GND_1_o_LessThan_91_o_cy<9>)
     MUXCY:CI->O           1   0.013   0.000  Mcompar_tempb[31]_GND_1_o_LessThan_91_o_cy<10> (Mcompar_tempb[31]_GND_1_o_LessThan_91_o_cy<10>)
     MUXCY:CI->O           1   0.013   0.000  Mcompar_tempb[31]_GND_1_o_LessThan_91_o_cy<11> (Mcompar_tempb[31]_GND_1_o_LessThan_91_o_cy<11>)
     MUXCY:CI->O           1   0.013   0.000  Mcompar_tempb[31]_GND_1_o_LessThan_91_o_cy<12> (Mcompar_tempb[31]_GND_1_o_LessThan_91_o_cy<12>)
     MUXCY:CI->O           1   0.013   0.000  Mcompar_tempb[31]_GND_1_o_LessThan_91_o_cy<13> (Mcompar_tempb[31]_GND_1_o_LessThan_91_o_cy<13>)
     MUXCY:CI->O           1   0.013   0.000  Mcompar_tempb[31]_GND_1_o_LessThan_91_o_cy<14> (Mcompar_tempb[31]_GND_1_o_LessThan_91_o_cy<14>)
     MUXCY:CI->O         136   0.147   0.665  Mcompar_tempb[31]_GND_1_o_LessThan_91_o_cy<15> (Madd_GND_1_o_GND_1_o_add_96_OUT_lut<0>)
     LUT5:I0->O            4   0.043   0.470  Mmux_n0239261 (n0239<32>)
     LUT4:I0->O            0   0.043   0.000  Mcompar_tempb[31]_GND_1_o_LessThan_95_o_lutdi (Mcompar_tempb[31]_GND_1_o_LessThan_95_o_lutdi)
     MUXCY:DI->O           1   0.218   0.000  Mcompar_tempb[31]_GND_1_o_LessThan_95_o_cy<0> (Mcompar_tempb[31]_GND_1_o_LessThan_95_o_cy<0>)
     MUXCY:CI->O           1   0.012   0.000  Mcompar_tempb[31]_GND_1_o_LessThan_95_o_cy<1> (Mcompar_tempb[31]_GND_1_o_LessThan_95_o_cy<1>)
     MUXCY:CI->O           1   0.012   0.000  Mcompar_tempb[31]_GND_1_o_LessThan_95_o_cy<2> (Mcompar_tempb[31]_GND_1_o_LessThan_95_o_cy<2>)
     MUXCY:CI->O           1   0.012   0.000  Mcompar_tempb[31]_GND_1_o_LessThan_95_o_cy<3> (Mcompar_tempb[31]_GND_1_o_LessThan_95_o_cy<3>)
     MUXCY:CI->O           1   0.012   0.000  Mcompar_tempb[31]_GND_1_o_LessThan_95_o_cy<4> (Mcompar_tempb[31]_GND_1_o_LessThan_95_o_cy<4>)
     MUXCY:CI->O           1   0.012   0.000  Mcompar_tempb[31]_GND_1_o_LessThan_95_o_cy<5> (Mcompar_tempb[31]_GND_1_o_LessThan_95_o_cy<5>)
     MUXCY:CI->O           1   0.012   0.000  Mcompar_tempb[31]_GND_1_o_LessThan_95_o_cy<6> (Mcompar_tempb[31]_GND_1_o_LessThan_95_o_cy<6>)
     MUXCY:CI->O           1   0.012   0.000  Mcompar_tempb[31]_GND_1_o_LessThan_95_o_cy<7> (Mcompar_tempb[31]_GND_1_o_LessThan_95_o_cy<7>)
     MUXCY:CI->O           1   0.012   0.000  Mcompar_tempb[31]_GND_1_o_LessThan_95_o_cy<8> (Mcompar_tempb[31]_GND_1_o_LessThan_95_o_cy<8>)
     MUXCY:CI->O           1   0.012   0.000  Mcompar_tempb[31]_GND_1_o_LessThan_95_o_cy<9> (Mcompar_tempb[31]_GND_1_o_LessThan_95_o_cy<9>)
     MUXCY:CI->O           1   0.012   0.000  Mcompar_tempb[31]_GND_1_o_LessThan_95_o_cy<10> (Mcompar_tempb[31]_GND_1_o_LessThan_95_o_cy<10>)
     MUXCY:CI->O           1   0.012   0.000  Mcompar_tempb[31]_GND_1_o_LessThan_95_o_cy<11> (Mcompar_tempb[31]_GND_1_o_LessThan_95_o_cy<11>)
     MUXCY:CI->O           1   0.012   0.000  Mcompar_tempb[31]_GND_1_o_LessThan_95_o_cy<12> (Mcompar_tempb[31]_GND_1_o_LessThan_95_o_cy<12>)
     MUXCY:CI->O           1   0.012   0.000  Mcompar_tempb[31]_GND_1_o_LessThan_95_o_cy<13> (Mcompar_tempb[31]_GND_1_o_LessThan_95_o_cy<13>)
     MUXCY:CI->O           1   0.012   0.000  Mcompar_tempb[31]_GND_1_o_LessThan_95_o_cy<14> (Mcompar_tempb[31]_GND_1_o_LessThan_95_o_cy<14>)
     MUXCY:CI->O         128   0.148   0.664  Mcompar_tempb[31]_GND_1_o_LessThan_95_o_cy<15> (Madd_GND_1_o_GND_1_o_add_100_OUT_lut<0>)
     LUT5:I0->O            6   0.043   0.479  Mmux_n0242261 (n0242<32>)
     LUT4:I0->O            0   0.043   0.000  Mcompar_tempb[31]_GND_1_o_LessThan_99_o_lutdi (Mcompar_tempb[31]_GND_1_o_LessThan_99_o_lutdi)
     MUXCY:DI->O           1   0.218   0.000  Mcompar_tempb[31]_GND_1_o_LessThan_99_o_cy<0> (Mcompar_tempb[31]_GND_1_o_LessThan_99_o_cy<0>)
     MUXCY:CI->O           1   0.012   0.000  Mcompar_tempb[31]_GND_1_o_LessThan_99_o_cy<1> (Mcompar_tempb[31]_GND_1_o_LessThan_99_o_cy<1>)
     MUXCY:CI->O           1   0.012   0.000  Mcompar_tempb[31]_GND_1_o_LessThan_99_o_cy<2> (Mcompar_tempb[31]_GND_1_o_LessThan_99_o_cy<2>)
     MUXCY:CI->O           1   0.012   0.000  Mcompar_tempb[31]_GND_1_o_LessThan_99_o_cy<3> (Mcompar_tempb[31]_GND_1_o_LessThan_99_o_cy<3>)
     MUXCY:CI->O           1   0.012   0.000  Mcompar_tempb[31]_GND_1_o_LessThan_99_o_cy<4> (Mcompar_tempb[31]_GND_1_o_LessThan_99_o_cy<4>)
     MUXCY:CI->O           1   0.012   0.000  Mcompar_tempb[31]_GND_1_o_LessThan_99_o_cy<5> (Mcompar_tempb[31]_GND_1_o_LessThan_99_o_cy<5>)
     MUXCY:CI->O           1   0.012   0.000  Mcompar_tempb[31]_GND_1_o_LessThan_99_o_cy<6> (Mcompar_tempb[31]_GND_1_o_LessThan_99_o_cy<6>)
     MUXCY:CI->O           1   0.012   0.000  Mcompar_tempb[31]_GND_1_o_LessThan_99_o_cy<7> (Mcompar_tempb[31]_GND_1_o_LessThan_99_o_cy<7>)
     MUXCY:CI->O           1   0.012   0.000  Mcompar_tempb[31]_GND_1_o_LessThan_99_o_cy<8> (Mcompar_tempb[31]_GND_1_o_LessThan_99_o_cy<8>)
     MUXCY:CI->O           1   0.012   0.000  Mcompar_tempb[31]_GND_1_o_LessThan_99_o_cy<9> (Mcompar_tempb[31]_GND_1_o_LessThan_99_o_cy<9>)
     MUXCY:CI->O           1   0.012   0.000  Mcompar_tempb[31]_GND_1_o_LessThan_99_o_cy<10> (Mcompar_tempb[31]_GND_1_o_LessThan_99_o_cy<10>)
     MUXCY:CI->O           1   0.012   0.000  Mcompar_tempb[31]_GND_1_o_LessThan_99_o_cy<11> (Mcompar_tempb[31]_GND_1_o_LessThan_99_o_cy<11>)
     MUXCY:CI->O           1   0.012   0.000  Mcompar_tempb[31]_GND_1_o_LessThan_99_o_cy<12> (Mcompar_tempb[31]_GND_1_o_LessThan_99_o_cy<12>)
     MUXCY:CI->O           1   0.012   0.000  Mcompar_tempb[31]_GND_1_o_LessThan_99_o_cy<13> (Mcompar_tempb[31]_GND_1_o_LessThan_99_o_cy<13>)
     MUXCY:CI->O           1   0.012   0.000  Mcompar_tempb[31]_GND_1_o_LessThan_99_o_cy<14> (Mcompar_tempb[31]_GND_1_o_LessThan_99_o_cy<14>)
     MUXCY:CI->O         135   0.148   0.665  Mcompar_tempb[31]_GND_1_o_LessThan_99_o_cy<15> (Madd_GND_1_o_GND_1_o_add_104_OUT_lut<0>)
     LUT5:I0->O            4   0.043   0.470  Mmux_n0245261 (n0245<32>)
     LUT4:I0->O            0   0.043   0.000  Mcompar_tempb[31]_GND_1_o_LessThan_103_o_lutdi (Mcompar_tempb[31]_GND_1_o_LessThan_103_o_lutdi)
     MUXCY:DI->O           1   0.218   0.000  Mcompar_tempb[31]_GND_1_o_LessThan_103_o_cy<0> (Mcompar_tempb[31]_GND_1_o_LessThan_103_o_cy<0>)
     MUXCY:CI->O           1   0.012   0.000  Mcompar_tempb[31]_GND_1_o_LessThan_103_o_cy<1> (Mcompar_tempb[31]_GND_1_o_LessThan_103_o_cy<1>)
     MUXCY:CI->O           1   0.012   0.000  Mcompar_tempb[31]_GND_1_o_LessThan_103_o_cy<2> (Mcompar_tempb[31]_GND_1_o_LessThan_103_o_cy<2>)
     MUXCY:CI->O           1   0.012   0.000  Mcompar_tempb[31]_GND_1_o_LessThan_103_o_cy<3> (Mcompar_tempb[31]_GND_1_o_LessThan_103_o_cy<3>)
     MUXCY:CI->O           1   0.012   0.000  Mcompar_tempb[31]_GND_1_o_LessThan_103_o_cy<4> (Mcompar_tempb[31]_GND_1_o_LessThan_103_o_cy<4>)
     MUXCY:CI->O           1   0.012   0.000  Mcompar_tempb[31]_GND_1_o_LessThan_103_o_cy<5> (Mcompar_tempb[31]_GND_1_o_LessThan_103_o_cy<5>)
     MUXCY:CI->O           1   0.012   0.000  Mcompar_tempb[31]_GND_1_o_LessThan_103_o_cy<6> (Mcompar_tempb[31]_GND_1_o_LessThan_103_o_cy<6>)
     MUXCY:CI->O           1   0.012   0.000  Mcompar_tempb[31]_GND_1_o_LessThan_103_o_cy<7> (Mcompar_tempb[31]_GND_1_o_LessThan_103_o_cy<7>)
     MUXCY:CI->O           1   0.012   0.000  Mcompar_tempb[31]_GND_1_o_LessThan_103_o_cy<8> (Mcompar_tempb[31]_GND_1_o_LessThan_103_o_cy<8>)
     MUXCY:CI->O           1   0.012   0.000  Mcompar_tempb[31]_GND_1_o_LessThan_103_o_cy<9> (Mcompar_tempb[31]_GND_1_o_LessThan_103_o_cy<9>)
     MUXCY:CI->O           1   0.012   0.000  Mcompar_tempb[31]_GND_1_o_LessThan_103_o_cy<10> (Mcompar_tempb[31]_GND_1_o_LessThan_103_o_cy<10>)
     MUXCY:CI->O           1   0.012   0.000  Mcompar_tempb[31]_GND_1_o_LessThan_103_o_cy<11> (Mcompar_tempb[31]_GND_1_o_LessThan_103_o_cy<11>)
     MUXCY:CI->O           1   0.012   0.000  Mcompar_tempb[31]_GND_1_o_LessThan_103_o_cy<12> (Mcompar_tempb[31]_GND_1_o_LessThan_103_o_cy<12>)
     MUXCY:CI->O           1   0.012   0.000  Mcompar_tempb[31]_GND_1_o_LessThan_103_o_cy<13> (Mcompar_tempb[31]_GND_1_o_LessThan_103_o_cy<13>)
     MUXCY:CI->O           1   0.012   0.000  Mcompar_tempb[31]_GND_1_o_LessThan_103_o_cy<14> (Mcompar_tempb[31]_GND_1_o_LessThan_103_o_cy<14>)
     MUXCY:CI->O         129   0.148   0.664  Mcompar_tempb[31]_GND_1_o_LessThan_103_o_cy<15> (Madd_GND_1_o_GND_1_o_add_108_OUT_lut<0>)
     LUT5:I0->O            6   0.043   0.479  Mmux_n0248261 (n0248<32>)
     LUT4:I0->O            0   0.043   0.000  Mcompar_tempb[31]_GND_1_o_LessThan_107_o_lutdi (Mcompar_tempb[31]_GND_1_o_LessThan_107_o_lutdi)
     MUXCY:DI->O           1   0.218   0.000  Mcompar_tempb[31]_GND_1_o_LessThan_107_o_cy<0> (Mcompar_tempb[31]_GND_1_o_LessThan_107_o_cy<0>)
     MUXCY:CI->O           1   0.012   0.000  Mcompar_tempb[31]_GND_1_o_LessThan_107_o_cy<1> (Mcompar_tempb[31]_GND_1_o_LessThan_107_o_cy<1>)
     MUXCY:CI->O           1   0.012   0.000  Mcompar_tempb[31]_GND_1_o_LessThan_107_o_cy<2> (Mcompar_tempb[31]_GND_1_o_LessThan_107_o_cy<2>)
     MUXCY:CI->O           1   0.012   0.000  Mcompar_tempb[31]_GND_1_o_LessThan_107_o_cy<3> (Mcompar_tempb[31]_GND_1_o_LessThan_107_o_cy<3>)
     MUXCY:CI->O           1   0.012   0.000  Mcompar_tempb[31]_GND_1_o_LessThan_107_o_cy<4> (Mcompar_tempb[31]_GND_1_o_LessThan_107_o_cy<4>)
     MUXCY:CI->O           1   0.012   0.000  Mcompar_tempb[31]_GND_1_o_LessThan_107_o_cy<5> (Mcompar_tempb[31]_GND_1_o_LessThan_107_o_cy<5>)
     MUXCY:CI->O           1   0.012   0.000  Mcompar_tempb[31]_GND_1_o_LessThan_107_o_cy<6> (Mcompar_tempb[31]_GND_1_o_LessThan_107_o_cy<6>)
     MUXCY:CI->O           1   0.012   0.000  Mcompar_tempb[31]_GND_1_o_LessThan_107_o_cy<7> (Mcompar_tempb[31]_GND_1_o_LessThan_107_o_cy<7>)
     MUXCY:CI->O           1   0.012   0.000  Mcompar_tempb[31]_GND_1_o_LessThan_107_o_cy<8> (Mcompar_tempb[31]_GND_1_o_LessThan_107_o_cy<8>)
     MUXCY:CI->O           1   0.012   0.000  Mcompar_tempb[31]_GND_1_o_LessThan_107_o_cy<9> (Mcompar_tempb[31]_GND_1_o_LessThan_107_o_cy<9>)
     MUXCY:CI->O           1   0.012   0.000  Mcompar_tempb[31]_GND_1_o_LessThan_107_o_cy<10> (Mcompar_tempb[31]_GND_1_o_LessThan_107_o_cy<10>)
     MUXCY:CI->O           1   0.012   0.000  Mcompar_tempb[31]_GND_1_o_LessThan_107_o_cy<11> (Mcompar_tempb[31]_GND_1_o_LessThan_107_o_cy<11>)
     MUXCY:CI->O           1   0.012   0.000  Mcompar_tempb[31]_GND_1_o_LessThan_107_o_cy<12> (Mcompar_tempb[31]_GND_1_o_LessThan_107_o_cy<12>)
     MUXCY:CI->O           1   0.012   0.000  Mcompar_tempb[31]_GND_1_o_LessThan_107_o_cy<13> (Mcompar_tempb[31]_GND_1_o_LessThan_107_o_cy<13>)
     MUXCY:CI->O           1   0.012   0.000  Mcompar_tempb[31]_GND_1_o_LessThan_107_o_cy<14> (Mcompar_tempb[31]_GND_1_o_LessThan_107_o_cy<14>)
     MUXCY:CI->O         134   0.148   0.665  Mcompar_tempb[31]_GND_1_o_LessThan_107_o_cy<15> (Madd_GND_1_o_GND_1_o_add_112_OUT_lut<0>)
     LUT5:I0->O            4   0.043   0.470  Mmux_n0251261 (n0251<32>)
     LUT4:I0->O            0   0.043   0.000  Mcompar_tempb[31]_GND_1_o_LessThan_111_o_lutdi (Mcompar_tempb[31]_GND_1_o_LessThan_111_o_lutdi)
     MUXCY:DI->O           1   0.218   0.000  Mcompar_tempb[31]_GND_1_o_LessThan_111_o_cy<0> (Mcompar_tempb[31]_GND_1_o_LessThan_111_o_cy<0>)
     MUXCY:CI->O           1   0.012   0.000  Mcompar_tempb[31]_GND_1_o_LessThan_111_o_cy<1> (Mcompar_tempb[31]_GND_1_o_LessThan_111_o_cy<1>)
     MUXCY:CI->O           1   0.012   0.000  Mcompar_tempb[31]_GND_1_o_LessThan_111_o_cy<2> (Mcompar_tempb[31]_GND_1_o_LessThan_111_o_cy<2>)
     MUXCY:CI->O           1   0.012   0.000  Mcompar_tempb[31]_GND_1_o_LessThan_111_o_cy<3> (Mcompar_tempb[31]_GND_1_o_LessThan_111_o_cy<3>)
     MUXCY:CI->O           1   0.012   0.000  Mcompar_tempb[31]_GND_1_o_LessThan_111_o_cy<4> (Mcompar_tempb[31]_GND_1_o_LessThan_111_o_cy<4>)
     MUXCY:CI->O           1   0.012   0.000  Mcompar_tempb[31]_GND_1_o_LessThan_111_o_cy<5> (Mcompar_tempb[31]_GND_1_o_LessThan_111_o_cy<5>)
     MUXCY:CI->O           1   0.012   0.000  Mcompar_tempb[31]_GND_1_o_LessThan_111_o_cy<6> (Mcompar_tempb[31]_GND_1_o_LessThan_111_o_cy<6>)
     MUXCY:CI->O           1   0.012   0.000  Mcompar_tempb[31]_GND_1_o_LessThan_111_o_cy<7> (Mcompar_tempb[31]_GND_1_o_LessThan_111_o_cy<7>)
     MUXCY:CI->O           1   0.012   0.000  Mcompar_tempb[31]_GND_1_o_LessThan_111_o_cy<8> (Mcompar_tempb[31]_GND_1_o_LessThan_111_o_cy<8>)
     MUXCY:CI->O           1   0.012   0.000  Mcompar_tempb[31]_GND_1_o_LessThan_111_o_cy<9> (Mcompar_tempb[31]_GND_1_o_LessThan_111_o_cy<9>)
     MUXCY:CI->O           1   0.012   0.000  Mcompar_tempb[31]_GND_1_o_LessThan_111_o_cy<10> (Mcompar_tempb[31]_GND_1_o_LessThan_111_o_cy<10>)
     MUXCY:CI->O           1   0.012   0.000  Mcompar_tempb[31]_GND_1_o_LessThan_111_o_cy<11> (Mcompar_tempb[31]_GND_1_o_LessThan_111_o_cy<11>)
     MUXCY:CI->O           1   0.012   0.000  Mcompar_tempb[31]_GND_1_o_LessThan_111_o_cy<12> (Mcompar_tempb[31]_GND_1_o_LessThan_111_o_cy<12>)
     MUXCY:CI->O           1   0.012   0.000  Mcompar_tempb[31]_GND_1_o_LessThan_111_o_cy<13> (Mcompar_tempb[31]_GND_1_o_LessThan_111_o_cy<13>)
     MUXCY:CI->O           1   0.012   0.000  Mcompar_tempb[31]_GND_1_o_LessThan_111_o_cy<14> (Mcompar_tempb[31]_GND_1_o_LessThan_111_o_cy<14>)
     MUXCY:CI->O         130   0.148   0.664  Mcompar_tempb[31]_GND_1_o_LessThan_111_o_cy<15> (Madd_GND_1_o_GND_1_o_add_116_OUT_lut<0>)
     LUT5:I0->O            6   0.043   0.479  Mmux_n0254261 (n0254<32>)
     LUT4:I0->O            0   0.043   0.000  Mcompar_tempb[31]_GND_1_o_LessThan_115_o_lutdi (Mcompar_tempb[31]_GND_1_o_LessThan_115_o_lutdi)
     MUXCY:DI->O           1   0.218   0.000  Mcompar_tempb[31]_GND_1_o_LessThan_115_o_cy<0> (Mcompar_tempb[31]_GND_1_o_LessThan_115_o_cy<0>)
     MUXCY:CI->O           1   0.012   0.000  Mcompar_tempb[31]_GND_1_o_LessThan_115_o_cy<1> (Mcompar_tempb[31]_GND_1_o_LessThan_115_o_cy<1>)
     MUXCY:CI->O           1   0.012   0.000  Mcompar_tempb[31]_GND_1_o_LessThan_115_o_cy<2> (Mcompar_tempb[31]_GND_1_o_LessThan_115_o_cy<2>)
     MUXCY:CI->O           1   0.012   0.000  Mcompar_tempb[31]_GND_1_o_LessThan_115_o_cy<3> (Mcompar_tempb[31]_GND_1_o_LessThan_115_o_cy<3>)
     MUXCY:CI->O           1   0.012   0.000  Mcompar_tempb[31]_GND_1_o_LessThan_115_o_cy<4> (Mcompar_tempb[31]_GND_1_o_LessThan_115_o_cy<4>)
     MUXCY:CI->O           1   0.012   0.000  Mcompar_tempb[31]_GND_1_o_LessThan_115_o_cy<5> (Mcompar_tempb[31]_GND_1_o_LessThan_115_o_cy<5>)
     MUXCY:CI->O           1   0.012   0.000  Mcompar_tempb[31]_GND_1_o_LessThan_115_o_cy<6> (Mcompar_tempb[31]_GND_1_o_LessThan_115_o_cy<6>)
     MUXCY:CI->O           1   0.012   0.000  Mcompar_tempb[31]_GND_1_o_LessThan_115_o_cy<7> (Mcompar_tempb[31]_GND_1_o_LessThan_115_o_cy<7>)
     MUXCY:CI->O           1   0.012   0.000  Mcompar_tempb[31]_GND_1_o_LessThan_115_o_cy<8> (Mcompar_tempb[31]_GND_1_o_LessThan_115_o_cy<8>)
     MUXCY:CI->O           1   0.012   0.000  Mcompar_tempb[31]_GND_1_o_LessThan_115_o_cy<9> (Mcompar_tempb[31]_GND_1_o_LessThan_115_o_cy<9>)
     MUXCY:CI->O           1   0.012   0.000  Mcompar_tempb[31]_GND_1_o_LessThan_115_o_cy<10> (Mcompar_tempb[31]_GND_1_o_LessThan_115_o_cy<10>)
     MUXCY:CI->O           1   0.012   0.000  Mcompar_tempb[31]_GND_1_o_LessThan_115_o_cy<11> (Mcompar_tempb[31]_GND_1_o_LessThan_115_o_cy<11>)
     MUXCY:CI->O           1   0.012   0.000  Mcompar_tempb[31]_GND_1_o_LessThan_115_o_cy<12> (Mcompar_tempb[31]_GND_1_o_LessThan_115_o_cy<12>)
     MUXCY:CI->O           1   0.012   0.000  Mcompar_tempb[31]_GND_1_o_LessThan_115_o_cy<13> (Mcompar_tempb[31]_GND_1_o_LessThan_115_o_cy<13>)
     MUXCY:CI->O           1   0.012   0.000  Mcompar_tempb[31]_GND_1_o_LessThan_115_o_cy<14> (Mcompar_tempb[31]_GND_1_o_LessThan_115_o_cy<14>)
     MUXCY:CI->O         133   0.148   0.665  Mcompar_tempb[31]_GND_1_o_LessThan_115_o_cy<15> (Madd_GND_1_o_GND_1_o_add_120_OUT_lut<0>)
     LUT5:I0->O            4   0.043   0.470  Mmux_n0257261 (n0257<32>)
     LUT4:I0->O            0   0.043   0.000  Mcompar_tempb[31]_GND_1_o_LessThan_119_o_lutdi (Mcompar_tempb[31]_GND_1_o_LessThan_119_o_lutdi)
     MUXCY:DI->O           1   0.218   0.000  Mcompar_tempb[31]_GND_1_o_LessThan_119_o_cy<0> (Mcompar_tempb[31]_GND_1_o_LessThan_119_o_cy<0>)
     MUXCY:CI->O           1   0.012   0.000  Mcompar_tempb[31]_GND_1_o_LessThan_119_o_cy<1> (Mcompar_tempb[31]_GND_1_o_LessThan_119_o_cy<1>)
     MUXCY:CI->O           1   0.012   0.000  Mcompar_tempb[31]_GND_1_o_LessThan_119_o_cy<2> (Mcompar_tempb[31]_GND_1_o_LessThan_119_o_cy<2>)
     MUXCY:CI->O           1   0.012   0.000  Mcompar_tempb[31]_GND_1_o_LessThan_119_o_cy<3> (Mcompar_tempb[31]_GND_1_o_LessThan_119_o_cy<3>)
     MUXCY:CI->O           1   0.012   0.000  Mcompar_tempb[31]_GND_1_o_LessThan_119_o_cy<4> (Mcompar_tempb[31]_GND_1_o_LessThan_119_o_cy<4>)
     MUXCY:CI->O           1   0.012   0.000  Mcompar_tempb[31]_GND_1_o_LessThan_119_o_cy<5> (Mcompar_tempb[31]_GND_1_o_LessThan_119_o_cy<5>)
     MUXCY:CI->O           1   0.012   0.000  Mcompar_tempb[31]_GND_1_o_LessThan_119_o_cy<6> (Mcompar_tempb[31]_GND_1_o_LessThan_119_o_cy<6>)
     MUXCY:CI->O           1   0.012   0.000  Mcompar_tempb[31]_GND_1_o_LessThan_119_o_cy<7> (Mcompar_tempb[31]_GND_1_o_LessThan_119_o_cy<7>)
     MUXCY:CI->O           1   0.012   0.000  Mcompar_tempb[31]_GND_1_o_LessThan_119_o_cy<8> (Mcompar_tempb[31]_GND_1_o_LessThan_119_o_cy<8>)
     MUXCY:CI->O           1   0.012   0.000  Mcompar_tempb[31]_GND_1_o_LessThan_119_o_cy<9> (Mcompar_tempb[31]_GND_1_o_LessThan_119_o_cy<9>)
     MUXCY:CI->O           1   0.012   0.000  Mcompar_tempb[31]_GND_1_o_LessThan_119_o_cy<10> (Mcompar_tempb[31]_GND_1_o_LessThan_119_o_cy<10>)
     MUXCY:CI->O           1   0.012   0.000  Mcompar_tempb[31]_GND_1_o_LessThan_119_o_cy<11> (Mcompar_tempb[31]_GND_1_o_LessThan_119_o_cy<11>)
     MUXCY:CI->O           1   0.012   0.000  Mcompar_tempb[31]_GND_1_o_LessThan_119_o_cy<12> (Mcompar_tempb[31]_GND_1_o_LessThan_119_o_cy<12>)
     MUXCY:CI->O           1   0.012   0.000  Mcompar_tempb[31]_GND_1_o_LessThan_119_o_cy<13> (Mcompar_tempb[31]_GND_1_o_LessThan_119_o_cy<13>)
     MUXCY:CI->O           1   0.012   0.000  Mcompar_tempb[31]_GND_1_o_LessThan_119_o_cy<14> (Mcompar_tempb[31]_GND_1_o_LessThan_119_o_cy<14>)
     MUXCY:CI->O         131   0.148   0.664  Mcompar_tempb[31]_GND_1_o_LessThan_119_o_cy<15> (Madd_GND_1_o_GND_1_o_add_124_OUT_lut<0>)
     LUT5:I0->O            6   0.043   0.479  Mmux_n0260261 (n0260<32>)
     LUT4:I0->O            0   0.043   0.000  Mcompar_tempb[31]_GND_1_o_LessThan_123_o_lutdi (Mcompar_tempb[31]_GND_1_o_LessThan_123_o_lutdi)
     MUXCY:DI->O           1   0.218   0.000  Mcompar_tempb[31]_GND_1_o_LessThan_123_o_cy<0> (Mcompar_tempb[31]_GND_1_o_LessThan_123_o_cy<0>)
     MUXCY:CI->O           1   0.013   0.000  Mcompar_tempb[31]_GND_1_o_LessThan_123_o_cy<1> (Mcompar_tempb[31]_GND_1_o_LessThan_123_o_cy<1>)
     MUXCY:CI->O           1   0.013   0.000  Mcompar_tempb[31]_GND_1_o_LessThan_123_o_cy<2> (Mcompar_tempb[31]_GND_1_o_LessThan_123_o_cy<2>)
     MUXCY:CI->O           1   0.013   0.000  Mcompar_tempb[31]_GND_1_o_LessThan_123_o_cy<3> (Mcompar_tempb[31]_GND_1_o_LessThan_123_o_cy<3>)
     MUXCY:CI->O           1   0.013   0.000  Mcompar_tempb[31]_GND_1_o_LessThan_123_o_cy<4> (Mcompar_tempb[31]_GND_1_o_LessThan_123_o_cy<4>)
     MUXCY:CI->O           1   0.013   0.000  Mcompar_tempb[31]_GND_1_o_LessThan_123_o_cy<5> (Mcompar_tempb[31]_GND_1_o_LessThan_123_o_cy<5>)
     MUXCY:CI->O           1   0.013   0.000  Mcompar_tempb[31]_GND_1_o_LessThan_123_o_cy<6> (Mcompar_tempb[31]_GND_1_o_LessThan_123_o_cy<6>)
     MUXCY:CI->O           1   0.013   0.000  Mcompar_tempb[31]_GND_1_o_LessThan_123_o_cy<7> (Mcompar_tempb[31]_GND_1_o_LessThan_123_o_cy<7>)
     MUXCY:CI->O           1   0.013   0.000  Mcompar_tempb[31]_GND_1_o_LessThan_123_o_cy<8> (Mcompar_tempb[31]_GND_1_o_LessThan_123_o_cy<8>)
     MUXCY:CI->O           1   0.013   0.000  Mcompar_tempb[31]_GND_1_o_LessThan_123_o_cy<9> (Mcompar_tempb[31]_GND_1_o_LessThan_123_o_cy<9>)
     MUXCY:CI->O           1   0.013   0.000  Mcompar_tempb[31]_GND_1_o_LessThan_123_o_cy<10> (Mcompar_tempb[31]_GND_1_o_LessThan_123_o_cy<10>)
     MUXCY:CI->O           1   0.013   0.000  Mcompar_tempb[31]_GND_1_o_LessThan_123_o_cy<11> (Mcompar_tempb[31]_GND_1_o_LessThan_123_o_cy<11>)
     MUXCY:CI->O           1   0.013   0.000  Mcompar_tempb[31]_GND_1_o_LessThan_123_o_cy<12> (Mcompar_tempb[31]_GND_1_o_LessThan_123_o_cy<12>)
     MUXCY:CI->O           1   0.013   0.000  Mcompar_tempb[31]_GND_1_o_LessThan_123_o_cy<13> (Mcompar_tempb[31]_GND_1_o_LessThan_123_o_cy<13>)
     MUXCY:CI->O           1   0.013   0.000  Mcompar_tempb[31]_GND_1_o_LessThan_123_o_cy<14> (Mcompar_tempb[31]_GND_1_o_LessThan_123_o_cy<14>)
     MUXCY:CI->O         158   0.148   0.668  Mcompar_tempb[31]_GND_1_o_LessThan_123_o_cy<15> (Madd_GND_1_o_GND_1_o_add_128_OUT_lut<0>)
     LUT5:I0->O            4   0.043   0.470  Mmux_n0263261 (n0263<32>)
     LUT4:I0->O            0   0.043   0.000  Mcompar_tempb[31]_GND_1_o_LessThan_127_o_lutdi (Mcompar_tempb[31]_GND_1_o_LessThan_127_o_lutdi)
     MUXCY:DI->O           1   0.218   0.000  Mcompar_tempb[31]_GND_1_o_LessThan_127_o_cy<0> (Mcompar_tempb[31]_GND_1_o_LessThan_127_o_cy<0>)
     MUXCY:CI->O           1   0.013   0.000  Mcompar_tempb[31]_GND_1_o_LessThan_127_o_cy<1> (Mcompar_tempb[31]_GND_1_o_LessThan_127_o_cy<1>)
     MUXCY:CI->O           1   0.013   0.000  Mcompar_tempb[31]_GND_1_o_LessThan_127_o_cy<2> (Mcompar_tempb[31]_GND_1_o_LessThan_127_o_cy<2>)
     MUXCY:CI->O           1   0.013   0.000  Mcompar_tempb[31]_GND_1_o_LessThan_127_o_cy<3> (Mcompar_tempb[31]_GND_1_o_LessThan_127_o_cy<3>)
     MUXCY:CI->O           1   0.013   0.000  Mcompar_tempb[31]_GND_1_o_LessThan_127_o_cy<4> (Mcompar_tempb[31]_GND_1_o_LessThan_127_o_cy<4>)
     MUXCY:CI->O           1   0.013   0.000  Mcompar_tempb[31]_GND_1_o_LessThan_127_o_cy<5> (Mcompar_tempb[31]_GND_1_o_LessThan_127_o_cy<5>)
     MUXCY:CI->O           1   0.013   0.000  Mcompar_tempb[31]_GND_1_o_LessThan_127_o_cy<6> (Mcompar_tempb[31]_GND_1_o_LessThan_127_o_cy<6>)
     MUXCY:CI->O           1   0.013   0.000  Mcompar_tempb[31]_GND_1_o_LessThan_127_o_cy<7> (Mcompar_tempb[31]_GND_1_o_LessThan_127_o_cy<7>)
     MUXCY:CI->O           1   0.013   0.000  Mcompar_tempb[31]_GND_1_o_LessThan_127_o_cy<8> (Mcompar_tempb[31]_GND_1_o_LessThan_127_o_cy<8>)
     MUXCY:CI->O           1   0.013   0.000  Mcompar_tempb[31]_GND_1_o_LessThan_127_o_cy<9> (Mcompar_tempb[31]_GND_1_o_LessThan_127_o_cy<9>)
     MUXCY:CI->O           1   0.013   0.000  Mcompar_tempb[31]_GND_1_o_LessThan_127_o_cy<10> (Mcompar_tempb[31]_GND_1_o_LessThan_127_o_cy<10>)
     MUXCY:CI->O           1   0.013   0.000  Mcompar_tempb[31]_GND_1_o_LessThan_127_o_cy<11> (Mcompar_tempb[31]_GND_1_o_LessThan_127_o_cy<11>)
     MUXCY:CI->O           1   0.013   0.000  Mcompar_tempb[31]_GND_1_o_LessThan_127_o_cy<12> (Mcompar_tempb[31]_GND_1_o_LessThan_127_o_cy<12>)
     MUXCY:CI->O           1   0.013   0.000  Mcompar_tempb[31]_GND_1_o_LessThan_127_o_cy<13> (Mcompar_tempb[31]_GND_1_o_LessThan_127_o_cy<13>)
     MUXCY:CI->O           1   0.148   0.343  Mcompar_tempb[31]_GND_1_o_LessThan_127_o_cy<14> (Mcompar_tempb[31]_GND_1_o_LessThan_127_o_cy<14>)
     LUT5:I3->O           64   0.043   0.654  Mcompar_tempb[31]_GND_1_o_LessThan_127_o_cy<15> (yshang_0_OBUF)
     LUT5:I0->O            1   0.043   0.279  Mmux_temp_a641 (yyushu_9_OBUF)
     OBUF:I->O                 0.000          yyushu_9_OBUF (yyushu<9>)
    ----------------------------------------
    Total                     57.194ns (20.112ns logic, 37.082ns route)
                                       (35.2% logic, 64.8% route)

=========================================================================

Cross Clock Domains Report:
--------------------------

=========================================================================


Total REAL time to Xst completion: 22.00 secs
Total CPU time to Xst completion: 21.91 secs
 
--> 

Total memory usage is 537440 kilobytes

Number of errors   :    0 (   0 filtered)
Number of warnings :    0 (   0 filtered)
Number of infos    :    0 (   0 filtered)

